Archive member included to satisfy reference by file (symbol)

./mbed/TARGET_LPC1768/TOOLCHAIN_GCC_ARM/libmbed.a(serial_api.o)
                              mbed/TARGET_LPC1768/TOOLCHAIN_GCC_ARM/retarget.o (serial_getc)
./mbed/TARGET_LPC1768/TOOLCHAIN_GCC_ARM/libmbed.a(BusOut.o)
                              main.o (mbed::BusOut::~BusOut())
./mbed/TARGET_LPC1768/TOOLCHAIN_GCC_ARM/libmbed.a(FilePath.o)
                              mbed/TARGET_LPC1768/TOOLCHAIN_GCC_ARM/retarget.o (mbed::FilePath::FilePath(char const*))
./mbed/TARGET_LPC1768/TOOLCHAIN_GCC_ARM/libmbed.a(FileSystemLike.o)
                              mbed/TARGET_LPC1768/TOOLCHAIN_GCC_ARM/retarget.o (mbed::FileSystemLike::opendir())
./mbed/TARGET_LPC1768/TOOLCHAIN_GCC_ARM/libmbed.a(assert.o)
                              mbed/TARGET_LPC1768/TOOLCHAIN_GCC_ARM/board.o (mbed_assert_internal)
./mbed/TARGET_LPC1768/TOOLCHAIN_GCC_ARM/libmbed.a(error.o)
                              mbed/TARGET_LPC1768/TOOLCHAIN_GCC_ARM/retarget.o (error)
./mbed/TARGET_LPC1768/TOOLCHAIN_GCC_ARM/libmbed.a(exit.o)
                              /usr/lib/gcc/arm-none-eabi/4.8/../../../arm-none-eabi/lib/armv7-m/crt0.o (exit)
./mbed/TARGET_LPC1768/TOOLCHAIN_GCC_ARM/libmbed.a(gpio.o)
                              main.o (gpio_init_in)
./mbed/TARGET_LPC1768/TOOLCHAIN_GCC_ARM/libmbed.a(mbed_interface.o)
                              ./mbed/TARGET_LPC1768/TOOLCHAIN_GCC_ARM/libmbed.a(exit.o) (mbed_interface_connected)
./mbed/TARGET_LPC1768/TOOLCHAIN_GCC_ARM/libmbed.a(pinmap_common.o)
                              ./mbed/TARGET_LPC1768/TOOLCHAIN_GCC_ARM/libmbed.a(serial_api.o) (pinmap_pinout)
./mbed/TARGET_LPC1768/TOOLCHAIN_GCC_ARM/libmbed.a(semihost_api.o)
                              ./mbed/TARGET_LPC1768/TOOLCHAIN_GCC_ARM/libmbed.a(exit.o) (semihost_exit)
./mbed/TARGET_LPC1768/TOOLCHAIN_GCC_ARM/libmbed.a(wait_api.o)
                              mbed/TARGET_LPC1768/TOOLCHAIN_GCC_ARM/board.o (wait_ms)
./mbed/TARGET_LPC1768/TOOLCHAIN_GCC_ARM/libmbed.a(gpio_api.o)
                              ./mbed/TARGET_LPC1768/TOOLCHAIN_GCC_ARM/libmbed.a(gpio.o) (gpio_init)
./mbed/TARGET_LPC1768/TOOLCHAIN_GCC_ARM/libmbed.a(pinmap.o)
                              ./mbed/TARGET_LPC1768/TOOLCHAIN_GCC_ARM/libmbed.a(pinmap_common.o) (pin_function)
./mbed/TARGET_LPC1768/TOOLCHAIN_GCC_ARM/libmbed.a(us_ticker.o)
                              ./mbed/TARGET_LPC1768/TOOLCHAIN_GCC_ARM/libmbed.a(wait_api.o) (us_ticker_read)
./mbed/TARGET_LPC1768/TOOLCHAIN_GCC_ARM/libmbed.a(FileBase.o)
                              ./mbed/TARGET_LPC1768/TOOLCHAIN_GCC_ARM/libmbed.a(FileSystemLike.o) (mbed::FileBase::~FileBase())
./mbed/TARGET_LPC1768/TOOLCHAIN_GCC_ARM/libmbed.a(us_ticker_api.o)
                              ./mbed/TARGET_LPC1768/TOOLCHAIN_GCC_ARM/libmbed.a(us_ticker.o) (us_ticker_irq_handler)
/usr/lib/gcc/arm-none-eabi/4.8/../../../arm-none-eabi/lib/armv7-m/libstdc++_nano.a(atexit_arm.o)
                              main.o (__aeabi_atexit)
/usr/lib/gcc/arm-none-eabi/4.8/../../../arm-none-eabi/lib/armv7-m/libstdc++_nano.a(del_op.o)
                              mbed/TARGET_LPC1768/TOOLCHAIN_GCC_ARM/retarget.o (operator delete(void*))
/usr/lib/gcc/arm-none-eabi/4.8/../../../arm-none-eabi/lib/armv7-m/libstdc++_nano.a(new_op.o)
                              ./mbed/TARGET_LPC1768/TOOLCHAIN_GCC_ARM/libmbed.a(BusOut.o) (operator new(unsigned int))
/usr/lib/gcc/arm-none-eabi/4.8/../../../arm-none-eabi/lib/armv7-m/libstdc++_nano.a(new_handler.o)
                              /usr/lib/gcc/arm-none-eabi/4.8/../../../arm-none-eabi/lib/armv7-m/libstdc++_nano.a(new_op.o) (__new_handler)
/usr/lib/gcc/arm-none-eabi/4.8/../../../arm-none-eabi/lib/armv7-m/libc_nano.a(lib_a-abort.o)
                              /usr/lib/gcc/arm-none-eabi/4.8/../../../arm-none-eabi/lib/armv7-m/libstdc++_nano.a(new_op.o) (abort)
/usr/lib/gcc/arm-none-eabi/4.8/../../../arm-none-eabi/lib/armv7-m/libc_nano.a(lib_a-abs.o)
                              ./mbed/TARGET_LPC1768/TOOLCHAIN_GCC_ARM/libmbed.a(serial_api.o) (abs)
/usr/lib/gcc/arm-none-eabi/4.8/../../../arm-none-eabi/lib/armv7-m/libc_nano.a(lib_a-atexit.o)
                              /usr/lib/gcc/arm-none-eabi/4.8/../../../arm-none-eabi/lib/armv7-m/crt0.o (atexit)
/usr/lib/gcc/arm-none-eabi/4.8/../../../arm-none-eabi/lib/armv7-m/libc_nano.a(lib_a-cxa_atexit.o)
                              /usr/lib/gcc/arm-none-eabi/4.8/../../../arm-none-eabi/lib/armv7-m/libstdc++_nano.a(atexit_arm.o) (__cxa_atexit)
/usr/lib/gcc/arm-none-eabi/4.8/../../../arm-none-eabi/lib/armv7-m/libc_nano.a(lib_a-errno.o)
                              mbed/TARGET_LPC1768/TOOLCHAIN_GCC_ARM/retarget.o (__errno)
/usr/lib/gcc/arm-none-eabi/4.8/../../../arm-none-eabi/lib/armv7-m/libc_nano.a(lib_a-fflush.o)
                              ./mbed/TARGET_LPC1768/TOOLCHAIN_GCC_ARM/libmbed.a(exit.o) (fflush)
/usr/lib/gcc/arm-none-eabi/4.8/../../../arm-none-eabi/lib/armv7-m/libc_nano.a(lib_a-findfp.o)
[...]
Memory Configuration

Name             Origin             Length             Attributes
FLASH            0x0000000000000000 0x0000000000080000 xr
RAM              0x00000000100000c8 0x0000000000007f38 xrw
USB_RAM          0x000000002007c000 0x0000000000004000 xrw
ETH_RAM          0x0000000020080000 0x0000000000004000 xrw
*default*        0x0000000000000000 0xffffffffffffffff

Linker script and memory map

LOAD /usr/lib/gcc/arm-none-eabi/4.8/armv7-m/crti.o
LOAD /usr/lib/gcc/arm-none-eabi/4.8/armv7-m/crtbegin.o
LOAD /usr/lib/gcc/arm-none-eabi/4.8/../../../arm-none-eabi/lib/armv7-m/crt0.o
LOAD main.o
LOAD BAI.o
LOAD mbed/TARGET_LPC1768/TOOLCHAIN_GCC_ARM/retarget.o
LOAD mbed/TARGET_LPC1768/TOOLCHAIN_GCC_ARM/system_LPC17xx.o
LOAD mbed/TARGET_LPC1768/TOOLCHAIN_GCC_ARM/board.o
LOAD mbed/TARGET_LPC1768/TOOLCHAIN_GCC_ARM/cmsis_nvic.o
LOAD mbed/TARGET_LPC1768/TOOLCHAIN_GCC_ARM/startup_LPC17xx.o
LOAD ./mbed/TARGET_LPC1768/TOOLCHAIN_GCC_ARM/libmbed.a
LOAD /usr/lib/gcc/arm-none-eabi/4.8/../../../arm-none-eabi/lib/armv7-m/libstdc++_nano.a
LOAD /usr/lib/gcc/arm-none-eabi/4.8/../../../arm-none-eabi/lib/armv7-m/libsupc++_nano.a
LOAD /usr/lib/gcc/arm-none-eabi/4.8/../../../arm-none-eabi/lib/armv7-m/libm.a
LOAD /usr/lib/gcc/arm-none-eabi/4.8/../../../arm-none-eabi/lib/armv7-m/libc_nano.a
LOAD /usr/lib/gcc/arm-none-eabi/4.8/armv7-m/libgcc.a
LOAD /usr/lib/gcc/arm-none-eabi/4.8/../../../arm-none-eabi/lib/armv7-m/libnosys.a
LOAD ./mbed/TARGET_LPC1768/TOOLCHAIN_GCC_ARM/libmbed.a
LOAD /usr/lib/gcc/arm-none-eabi/4.8/../../../arm-none-eabi/lib/armv7-m/libstdc++_nano.a
LOAD /usr/lib/gcc/arm-none-eabi/4.8/../../../arm-none-eabi/lib/armv7-m/libsupc++_nano.a
LOAD /usr/lib/gcc/arm-none-eabi/4.8/../../../arm-none-eabi/lib/armv7-m/libm.a
LOAD /usr/lib/gcc/arm-none-eabi/4.8/../../../arm-none-eabi/lib/armv7-m/libc_nano.a
LOAD /usr/lib/gcc/arm-none-eabi/4.8/armv7-m/libgcc.a
LOAD /usr/lib/gcc/arm-none-eabi/4.8/../../../arm-none-eabi/lib/armv7-m/libnosys.a
START GROUP
LOAD /usr/lib/gcc/arm-none-eabi/4.8/armv7-m/libgcc.a
LOAD /usr/lib/gcc/arm-none-eabi/4.8/../../../arm-none-eabi/lib/armv7-m/libc_nano.a
END GROUP
START GROUP
LOAD /usr/lib/gcc/arm-none-eabi/4.8/armv7-m/libgcc.a
LOAD /usr/lib/gcc/arm-none-eabi/4.8/../../../arm-none-eabi/lib/armv7-m/libc_nano.a
END GROUP
LOAD /usr/lib/gcc/arm-none-eabi/4.8/armv7-m/crtend.o
LOAD /usr/lib/gcc/arm-none-eabi/4.8/armv7-m/crtn.o

.text           0x0000000000000000     0x75a8
 *(.isr_vector)
 .isr_vector    0x0000000000000000       0xcc mbed/TARGET_LPC1768/TOOLCHAIN_GCC_ARM/startup_LPC17xx.o
                0x0000000000000000                __isr_vector
 *(.text*)
 .text          0x00000000000000cc       0xac /usr/lib/gcc/arm-none-eabi/4.8/armv7-m/crtbegin.o
 .text          0x0000000000000178       0x68 /usr/lib/gcc/arm-none-eabi/4.8/../../../arm-none-eabi/lib/armv7-m/crt0.o
                0x0000000000000178                _mainCRTStartup
                0x0000000000000178                _start
 .text.startup.main
                0x00000000000001e0       0x24 main.o
                0x00000000000001e0                main
 .text.startup._GLOBAL__sub_I_myBus
                0x0000000000000204       0x7c main.o
 .text._ZL11init_serialv
                0x0000000000000280       0x28 mbed/TARGET_LPC1768/TOOLCHAIN_GCC_ARM/retarget.o
 .text._close   0x00000000000002a8       0x2c mbed/TARGET_LPC1768/TOOLCHAIN_GCC_ARM/retarget.o
                0x00000000000002a8                _close
 .text._write   0x00000000000002d4       0x8c mbed/TARGET_LPC1768/TOOLCHAIN_GCC_ARM/retarget.o
                0x00000000000002d4                _write
 .text._read    0x0000000000000360       0x4c mbed/TARGET_LPC1768/TOOLCHAIN_GCC_ARM/retarget.o
                0x0000000000000360                _read
 .text._isatty  0x00000000000003ac       0x28 mbed/TARGET_LPC1768/TOOLCHAIN_GCC_ARM/retarget.o
                0x00000000000003ac                _isatty
 .text._lseek   0x00000000000003d4       0x28 mbed/TARGET_LPC1768/TOOLCHAIN_GCC_ARM/retarget.o
                0x00000000000003d4                _lseek
 .text._fstat   0x00000000000003fc       0x20 mbed/TARGET_LPC1768/TOOLCHAIN_GCC_ARM/retarget.o
                0x00000000000003fc                _fstat
 .text.mbed_main
                0x000000000000041c        0x4 mbed/TARGET_LPC1768/TOOLCHAIN_GCC_ARM/retarget.o
                0x000000000000041c                mbed_main
 .text.mbed_sdk_init
                0x0000000000000420        0x4 mbed/TARGET_LPC1768/TOOLCHAIN_GCC_ARM/retarget.o
                0x0000000000000420                mbed_sdk_init
 .text.__wrap_main
                0x0000000000000424       0x14 mbed/TARGET_LPC1768/TOOLCHAIN_GCC_ARM/retarget.o
                0x0000000000000424                __wrap_main
 .text._sbrk    0x0000000000000438       0x2c mbed/TARGET_LPC1768/TOOLCHAIN_GCC_ARM/retarget.o
                0x0000000000000438                _sbrk
 .text.SystemInit
                0x0000000000000464       0xd0 mbed/TARGET_LPC1768/TOOLCHAIN_GCC_ARM/system_LPC17xx.o
                0x0000000000000464                SystemInit
 .text.mbed_die
                0x0000000000000534      0x114 mbed/TARGET_LPC1768/TOOLCHAIN_GCC_ARM/board.o
                0x0000000000000534                mbed_die
 .text.NVIC_SetVector
                0x0000000000000648       0x50 mbed/TARGET_LPC1768/TOOLCHAIN_GCC_ARM/cmsis_nvic.o
                0x0000000000000648                NVIC_SetVector
 .text          0x0000000000000698       0x44 mbed/TARGET_LPC1768/TOOLCHAIN_GCC_ARM/startup_LPC17xx.o
                0x0000000000000698                Reset_Handler
                0x00000000000006c8                NMI_Handler
                0x00000000000006ca                HardFault_Handler
                0x00000000000006cc                MemManage_Handler
                0x00000000000006ce                BusFault_Handler
                0x00000000000006d0                UsageFault_Handler
                0x00000000000006d2                SVC_Handler
                0x00000000000006d4                DebugMon_Handler
                0x00000000000006d6                PendSV_Handler
                0x00000000000006d8                SysTick_Handler
                0x00000000000006da                TIMER2_IRQHandler
                0x00000000000006da                RIT_IRQHandler
                0x00000000000006da                I2C0_IRQHandler
                0x00000000000006da                USBActivity_IRQHandler
                0x00000000000006da                PWM1_IRQHandler
                0x00000000000006da                I2C1_IRQHandler
                0x00000000000006da                EINT2_IRQHandler
                0x00000000000006da                UART1_IRQHandler
                0x00000000000006da                EINT3_IRQHandler
                0x00000000000006da                CANActivity_IRQHandler
                0x00000000000006da                TIMER3_IRQHandler
                0x00000000000006da                UART0_IRQHandler
                0x00000000000006da                PLL0_IRQHandler
                0x00000000000006da                CAN_IRQHandler
                0x00000000000006da                PLL1_IRQHandler
                0x00000000000006da                SSP0_IRQHandler
                0x00000000000006da                I2S_IRQHandler
                0x00000000000006da                I2C2_IRQHandler
                0x00000000000006da                RTC_IRQHandler
                0x00000000000006da                TIMER0_IRQHandler
                0x00000000000006da                SPI_IRQHandler
                0x00000000000006da                EINT1_IRQHandler
                0x00000000000006da                TIMER1_IRQHandler
                0x00000000000006da                UART2_IRQHandler
                0x00000000000006da                Default_Handler
                0x00000000000006da                ADC_IRQHandler
                0x00000000000006da                SSP1_IRQHandler
                0x00000000000006da                USB_IRQHandler
                0x00000000000006da                BOD_IRQHandler
                0x00000000000006da                WDT_IRQHandler
                0x00000000000006da                QEI_IRQHandler
                0x00000000000006da                EINT0_IRQHandler
                0x00000000000006da                DEF_IRQHandler
                0x00000000000006da                DMA_IRQHandler
                0x00000000000006da                UART3_IRQHandler
                0x00000000000006da                MCPWM_IRQHandler
                0x00000000000006da                ENET_IRQHandler
 .text.serial_irq_set_internal
                0x00000000000006dc       0xe4 ./mbed/TARGET_LPC1768/TOOLCHAIN_GCC_ARM/libmbed.a(serial_api.o)
 .text.uart2_irq
                0x00000000000007c0       0x64 ./mbed/TARGET_LPC1768/TOOLCHAIN_GCC_ARM/libmbed.a(serial_api.o)
                0x00000000000007c0                uart2_irq
 .text.uart0_irq
                0x0000000000000824       0x64 ./mbed/TARGET_LPC1768/TOOLCHAIN_GCC_ARM/libmbed.a(serial_api.o)
                0x0000000000000824                uart0_irq
 .text.uart1_irq
                0x0000000000000888       0x60 ./mbed/TARGET_LPC1768/TOOLCHAIN_GCC_ARM/libmbed.a(serial_api.o)
                0x0000000000000888                uart1_irq
 .text.uart3_irq
                0x00000000000008e8       0x6c ./mbed/TARGET_LPC1768/TOOLCHAIN_GCC_ARM/libmbed.a(serial_api.o)
                0x00000000000008e8                uart3_irq
 .text.serial_baud
                0x0000000000000954      0x3dc ./mbed/TARGET_LPC1768/TOOLCHAIN_GCC_ARM/libmbed.a(serial_api.o)
                0x0000000000000954                serial_baud
 .text.serial_format
                0x0000000000000d30       0x7c ./mbed/TARGET_LPC1768/TOOLCHAIN_GCC_ARM/libmbed.a(serial_api.o)
                0x0000000000000d30                serial_format
 .text.serial_getc
                0x0000000000000dac       0x34 ./mbed/TARGET_LPC1768/TOOLCHAIN_GCC_ARM/libmbed.a(serial_api.o)
                0x0000000000000dac                serial_getc
 .text.serial_writable
                0x0000000000000de0       0x78 ./mbed/TARGET_LPC1768/TOOLCHAIN_GCC_ARM/libmbed.a(serial_api.o)
                0x0000000000000de0                serial_writable
 .text.serial_putc
                0x0000000000000e58       0x34 ./mbed/TARGET_LPC1768/TOOLCHAIN_GCC_ARM/libmbed.a(serial_api.o)
                0x0000000000000e58                serial_putc
 .text.serial_set_flow_control
                0x0000000000000e8c      0x148 ./mbed/TARGET_LPC1768/TOOLCHAIN_GCC_ARM/libmbed.a(serial_api.o)
                0x0000000000000e8c                serial_set_flow_control
 .text.serial_init
                0x0000000000000fd4      0x1ec ./mbed/TARGET_LPC1768/TOOLCHAIN_GCC_ARM/libmbed.a(serial_api.o)
                0x0000000000000fd4                serial_init
 .text._ZN4mbed6BusOutD2Ev
                0x00000000000011c0       0x90 ./mbed/TARGET_LPC1768/TOOLCHAIN_GCC_ARM/libmbed.a(BusOut.o)
                0x00000000000011c0                mbed::BusOut::~BusOut()
                0x00000000000011c0                mbed::BusOut::~BusOut()
 .text._ZN4mbed6BusOutD0Ev
                0x0000000000001250       0x14 ./mbed/TARGET_LPC1768/TOOLCHAIN_GCC_ARM/libmbed.a(BusOut.o)
                0x0000000000001250                mbed::BusOut::~BusOut()
 .text._ZN4mbed6BusOutC2E7PinNameS1_S1_S1_S1_S1_S1_S1_S1_S1_S1_S1_S1_S1_S1_S1_
                0x0000000000001264      0x358 ./mbed/TARGET_LPC1768/TOOLCHAIN_GCC_ARM/libmbed.a(BusOut.o)
                0x0000000000001264                mbed::BusOut::BusOut(PinName, PinName, PinName, PinName, PinName, PinName, PinName, PinName, PinName, PinName, PinName, PinName, PinName, PinName, PinName, PinName)
                0x0000000000001264                mbed::BusOut::BusOut(PinName, PinName, PinName, PinName, PinName, PinName, PinName, PinName, PinName, PinName, PinName, PinName, PinName, PinName, PinName, PinName)
 .text._ZN4mbed6BusOut5writeEi
                0x00000000000015bc      0x360 ./mbed/TARGET_LPC1768/TOOLCHAIN_GCC_ARM/libmbed.a(BusOut.o)
                0x00000000000015bc                mbed::BusOut::write(int)
 .text._ZN4mbed6BusOutaSEi
                0x000000000000191c        0xc ./mbed/TARGET_LPC1768/TOOLCHAIN_GCC_ARM/libmbed.a(BusOut.o)
                0x000000000000191c                mbed::BusOut::operator=(int)
 .text.mbed_assert_internal
                0x0000000000001928       0x30 ./mbed/TARGET_LPC1768/TOOLCHAIN_GCC_ARM/libmbed.a(assert.o)
                0x0000000000001928                mbed_assert_internal
 .text.error    0x0000000000001958       0x28 ./mbed/TARGET_LPC1768/TOOLCHAIN_GCC_ARM/libmbed.a(error.o)
                0x0000000000001958                error
 .text.exit     0x0000000000001980       0x30 ./mbed/TARGET_LPC1768/TOOLCHAIN_GCC_ARM/libmbed.a(exit.o)
                0x0000000000001980                exit
 .text.gpio_init_in
                0x00000000000019b0       0x24 ./mbed/TARGET_LPC1768/TOOLCHAIN_GCC_ARM/libmbed.a(gpio.o)
                0x00000000000019b0                gpio_init_in
 .text.gpio_init_out_ex
                0x00000000000019d4       0x54 ./mbed/TARGET_LPC1768/TOOLCHAIN_GCC_ARM/libmbed.a(gpio.o)
                0x00000000000019d4                gpio_init_out_ex
 .text.gpio_init_out
                0x0000000000001a28        0x8 ./mbed/TARGET_LPC1768/TOOLCHAIN_GCC_ARM/libmbed.a(gpio.o)
                0x0000000000001a28                gpio_init_out
 .text.mbed_interface_connected
                0x0000000000001a30        0x4 ./mbed/TARGET_LPC1768/TOOLCHAIN_GCC_ARM/libmbed.a(mbed_interface.o)
                0x0000000000001a30                mbed_interface_connected
 .text.pinmap_pinout
                0x0000000000001a34       0x40 ./mbed/TARGET_LPC1768/TOOLCHAIN_GCC_ARM/libmbed.a(pinmap_common.o)
                0x0000000000001a34                pinmap_pinout
 .text.pinmap_merge
                0x0000000000001a74       0x24 ./mbed/TARGET_LPC1768/TOOLCHAIN_GCC_ARM/libmbed.a(pinmap_common.o)
                0x0000000000001a74                pinmap_merge
 .text.pinmap_find_peripheral
                0x0000000000001a98       0x1c ./mbed/TARGET_LPC1768/TOOLCHAIN_GCC_ARM/libmbed.a(pinmap_common.o)
                0x0000000000001a98                pinmap_find_peripheral
 .text.pinmap_peripheral
                0x0000000000001ab4       0x34 ./mbed/TARGET_LPC1768/TOOLCHAIN_GCC_ARM/libmbed.a(pinmap_common.o)
                0x0000000000001ab4                pinmap_peripheral
 .text.semihost_exit
                0x0000000000001ae8       0x18 ./mbed/TARGET_LPC1768/TOOLCHAIN_GCC_ARM/libmbed.a(semihost_api.o)
                0x0000000000001ae8                semihost_exit
 .text.semihost_connected
                0x0000000000001b00       0x10 ./mbed/TARGET_LPC1768/TOOLCHAIN_GCC_ARM/libmbed.a(semihost_api.o)
                0x0000000000001b00                semihost_connected
 .text.wait_us  0x0000000000001b10       0x18 ./mbed/TARGET_LPC1768/TOOLCHAIN_GCC_ARM/libmbed.a(wait_api.o)
                0x0000000000001b10                wait_us
 .text.wait_ms  0x0000000000001b28        0xc ./mbed/TARGET_LPC1768/TOOLCHAIN_GCC_ARM/libmbed.a(wait_api.o)
                0x0000000000001b28                wait_ms
 .text.gpio_set
                0x0000000000001b34       0x30 ./mbed/TARGET_LPC1768/TOOLCHAIN_GCC_ARM/libmbed.a(gpio_api.o)
                0x0000000000001b34                gpio_set
 .text.gpio_init
                0x0000000000001b64       0x30 ./mbed/TARGET_LPC1768/TOOLCHAIN_GCC_ARM/libmbed.a(gpio_api.o)
                0x0000000000001b64                gpio_init
 .text.gpio_mode
                0x0000000000001b94        0x8 ./mbed/TARGET_LPC1768/TOOLCHAIN_GCC_ARM/libmbed.a(gpio_api.o)
                0x0000000000001b94                gpio_mode
 .text.gpio_dir
                0x0000000000001b9c       0x44 ./mbed/TARGET_LPC1768/TOOLCHAIN_GCC_ARM/libmbed.a(gpio_api.o)
                0x0000000000001b9c                gpio_dir
 .text.pin_function
                0x0000000000001be0       0x58 ./mbed/TARGET_LPC1768/TOOLCHAIN_GCC_ARM/libmbed.a(pinmap.o)
                0x0000000000001be0                pin_function
 .text.pin_mode
                0x0000000000001c38       0x84 ./mbed/TARGET_LPC1768/TOOLCHAIN_GCC_ARM/libmbed.a(pinmap.o)
                0x0000000000001c38                pin_mode
 .text.us_ticker_init
                0x0000000000001cbc       0x6c ./mbed/TARGET_LPC1768/TOOLCHAIN_GCC_ARM/libmbed.a(us_ticker.o)
                0x0000000000001cbc                us_ticker_init
 .text.us_ticker_read
                0x0000000000001d28       0x1c ./mbed/TARGET_LPC1768/TOOLCHAIN_GCC_ARM/libmbed.a(us_ticker.o)
                0x0000000000001d28                us_ticker_read
 .text.us_ticker_set_interrupt
                0x0000000000001d44       0x14 ./mbed/TARGET_LPC1768/TOOLCHAIN_GCC_ARM/libmbed.a(us_ticker.o)
                0x0000000000001d44                us_ticker_set_interrupt
 .text.us_ticker_disable_interrupt
                0x0000000000001d58       0x14 ./mbed/TARGET_LPC1768/TOOLCHAIN_GCC_ARM/libmbed.a(us_ticker.o)
                0x0000000000001d58                us_ticker_disable_interrupt
 .text.us_ticker_clear_interrupt
                0x0000000000001d6c       0x10 ./mbed/TARGET_LPC1768/TOOLCHAIN_GCC_ARM/libmbed.a(us_ticker.o)
                0x0000000000001d6c                us_ticker_clear_interrupt
 .text.us_ticker_irq_handler
                0x0000000000001d7c       0x4c ./mbed/TARGET_LPC1768/TOOLCHAIN_GCC_ARM/libmbed.a(us_ticker_api.o)
                0x0000000000001d7c                us_ticker_irq_handler
 .text.__aeabi_atexit
                0x0000000000001dc8        0xa /usr/lib/gcc/arm-none-eabi/4.8/../../../arm-none-eabi/lib/armv7-m/libstdc++_nano.a(atexit_arm.o)
                0x0000000000001dc8                __aeabi_atexit
 .text._ZdlPv   0x0000000000001dd2        0x8 /usr/lib/gcc/arm-none-eabi/4.8/../../../arm-none-eabi/lib/armv7-m/libstdc++_nano.a(del_op.o)
                0x0000000000001dd2                operator delete(void*)
 *fill*         0x0000000000001dda        0x2 
 .text._Znwj    0x0000000000001ddc       0x28 /usr/lib/gcc/arm-none-eabi/4.8/../../../arm-none-eabi/lib/armv7-m/libstdc++_nano.a(new_op.o)
                0x0000000000001ddc                operator new(unsigned int)
 .text.abort    0x0000000000001e04        0xe /usr/lib/gcc/arm-none-eabi/4.8/../../../arm-none-eabi/lib/armv7-m/libc_nano.a(lib_a-abort.o)
                0x0000000000001e04                abort
 .text.abs      0x0000000000001e12        0x8 /usr/lib/gcc/arm-none-eabi/4.8/../../../arm-none-eabi/lib/armv7-m/libc_nano.a(lib_a-abs.o)
                0x0000000000001e12                abs
 .text.atexit   0x0000000000001e1a        0xc /usr/lib/gcc/arm-none-eabi/4.8/../../../arm-none-eabi/lib/armv7-m/libc_nano.a(lib_a-atexit.o)
                0x0000000000001e1a                atexit
 *fill*         0x0000000000001e26        0x2 
 .text.__cxa_atexit
                0x0000000000001e28       0x20 /usr/lib/gcc/arm-none-eabi/4.8/../../../arm-none-eabi/lib/armv7-m/libc_nano.a(lib_a-cxa_atexit.o)
                0x0000000000001e28                __cxa_atexit
 .text.__errno  0x0000000000001e48        0xc /usr/lib/gcc/arm-none-eabi/4.8/../../../arm-none-eabi/lib/armv7-m/libc_nano.a(lib_a-errno.o)
                0x0000000000001e48                __errno
 .text.__sflush_r
                0x0000000000001e54      0x106 /usr/lib/gcc/arm-none-eabi/4.8/../../../arm-none-eabi/lib/armv7-m/libc_nano.a(lib_a-fflush.o)
                0x0000000000001e54                __sflush_r
 *fill*         0x0000000000001f5a        0x2 
 .text._fflush_r
                0x0000000000001f5c       0x54 /usr/lib/gcc/arm-none-eabi/4.8/../../../arm-none-eabi/lib/armv7-m/libc_nano.a(lib_a-fflush.o)
                0x0000000000001f5c                _fflush_r
 .text.fflush   0x0000000000001fb0       0x24 /usr/lib/gcc/arm-none-eabi/4.8/../../../arm-none-eabi/lib/armv7-m/libc_nano.a(lib_a-fflush.o)
                0x0000000000001fb0                fflush
 .text._cleanup_r
                0x0000000000001fd4        0xc /usr/lib/gcc/arm-none-eabi/4.8/../../../arm-none-eabi/lib/armv7-m/libc_nano.a(lib_a-findfp.o)
                0x0000000000001fd4                _cleanup_r
 .text.std.isra.0
                0x0000000000001fe0       0x48 /usr/lib/gcc/arm-none-eabi/4.8/../../../arm-none-eabi/lib/armv7-m/libc_nano.a(lib_a-findfp.o)
 .text.__sfmoreglue
                0x0000000000002028       0x2c /usr/lib/gcc/arm-none-eabi/4.8/../../../arm-none-eabi/lib/armv7-m/libc_nano.a(lib_a-findfp.o)
                0x0000000000002028                __sfmoreglue
 .text.__sinit  0x0000000000002054       0x60 /usr/lib/gcc/arm-none-eabi/4.8/../../../arm-none-eabi/lib/armv7-m/libc_nano.a(lib_a-findfp.o)
                0x0000000000002054                __sinit
 .text.__sfp    0x00000000000020b4       0x74 /usr/lib/gcc/arm-none-eabi/4.8/../../../arm-none-eabi/lib/armv7-m/libc_nano.a(lib_a-findfp.o)
                0x00000000000020b4                __sfp
 .text.__sfp_lock_acquire
                0x0000000000002128        0x2 /usr/lib/gcc/arm-none-eabi/4.8/../../../arm-none-eabi/lib/armv7-m/libc_nano.a(lib_a-findfp.o)
                0x0000000000002128                __sfp_lock_acquire
 .text.__sfp_lock_release
                0x000000000000212a        0x2 /usr/lib/gcc/arm-none-eabi/4.8/../../../arm-none-eabi/lib/armv7-m/libc_nano.a(lib_a-findfp.o)
                0x000000000000212a                __sfp_lock_release
 .text.__libc_fini_array
                0x000000000000212c       0x28 /usr/lib/gcc/arm-none-eabi/4.8/../../../arm-none-eabi/lib/armv7-m/libc_nano.a(lib_a-fini.o)
                0x000000000000212c                __libc_fini_array
 .text.fprintf  0x0000000000002154       0x24 /usr/lib/gcc/arm-none-eabi/4.8/../../../arm-none-eabi/lib/armv7-m/libc_nano.a(lib_a-fprintf.o)
                0x0000000000002154                fprintf
                0x0000000000002154                fiprintf
 .text._fwalk_reent
                0x0000000000002178       0x3c /usr/lib/gcc/arm-none-eabi/4.8/../../../arm-none-eabi/lib/armv7-m/libc_nano.a(lib_a-fwalk.o)
                0x0000000000002178                _fwalk_reent
 .text.__libc_init_array
                0x00000000000021b4       0x4c /usr/lib/gcc/arm-none-eabi/4.8/../../../arm-none-eabi/lib/armv7-m/libc_nano.a(lib_a-init.o)
                0x00000000000021b4                __libc_init_array
 .text.malloc   0x0000000000002200       0x10 /usr/lib/gcc/arm-none-eabi/4.8/../../../arm-none-eabi/lib/armv7-m/libc_nano.a(lib_a-malloc.o)
                0x0000000000002200                malloc
 .text.free     0x0000000000002210       0x10 /usr/lib/gcc/arm-none-eabi/4.8/../../../arm-none-eabi/lib/armv7-m/libc_nano.a(lib_a-malloc.o)
                0x0000000000002210                free
 .text.memcpy   0x0000000000002220       0x12 /usr/lib/gcc/arm-none-eabi/4.8/../../../arm-none-eabi/lib/armv7-m/libc_nano.a(lib_a-memcpy-stub.o)
                0x0000000000002220                memcpy
 .text.memset   0x0000000000002232       0x10 /usr/lib/gcc/arm-none-eabi/4.8/../../../arm-none-eabi/lib/armv7-m/libc_nano.a(lib_a-memset.o)
                0x0000000000002232                memset
 *fill*         0x0000000000002242        0x2 
 .text._free_r  0x0000000000002244       0x88 /usr/lib/gcc/arm-none-eabi/4.8/../../../arm-none-eabi/lib/armv7-m/libc_nano.a(lib_a-nano-freer.o)
                0x0000000000002244                _free_r
 .text._malloc_r
                0x00000000000022cc       0xac /usr/lib/gcc/arm-none-eabi/4.8/../../../arm-none-eabi/lib/armv7-m/libc_nano.a(lib_a-nano-mallocr.o)
                0x00000000000022cc                _malloc_r
 .text.__sfputc_r
                0x0000000000002378       0x2c /usr/lib/gcc/arm-none-eabi/4.8/../../../arm-none-eabi/lib/armv7-m/libc_nano.a(lib_a-nano-vfprintf.o)
 .text.__sfputs_r
                0x00000000000023a4       0x24 /usr/lib/gcc/arm-none-eabi/4.8/../../../arm-none-eabi/lib/armv7-m/libc_nano.a(lib_a-nano-vfprintf.o)
                0x00000000000023a4                __sfputs_r
 .text._vfprintf_r
                0x00000000000023c8      0x208 /usr/lib/gcc/arm-none-eabi/4.8/../../../arm-none-eabi/lib/armv7-m/libc_nano.a(lib_a-nano-vfprintf.o)
                0x00000000000023c8                _vfiprintf_r
                0x00000000000023c8                _vfprintf_r
 .text.vfprintf
                0x00000000000025d0       0x1c /usr/lib/gcc/arm-none-eabi/4.8/../../../arm-none-eabi/lib/armv7-m/libc_nano.a(lib_a-nano-vfprintf.o)
                0x00000000000025d0                vfiprintf
                0x00000000000025d0                vfprintf
 .text.__cvt    0x00000000000025ec       0xbe /usr/lib/gcc/arm-none-eabi/4.8/../../../arm-none-eabi/lib/armv7-m/libc_nano.a(lib_a-nano-vfprintf_float.o)
                0x00000000000025ec                __cvt
 .text.__exponent
                0x00000000000026aa       0x68 /usr/lib/gcc/arm-none-eabi/4.8/../../../arm-none-eabi/lib/armv7-m/libc_nano.a(lib_a-nano-vfprintf_float.o)
                0x00000000000026aa                __exponent
 *fill*         0x0000000000002712        0x2 
 .text._printf_float
                0x0000000000002714      0x41c /usr/lib/gcc/arm-none-eabi/4.8/../../../arm-none-eabi/lib/armv7-m/libc_nano.a(lib_a-nano-vfprintf_float.o)
                0x0000000000002714                _printf_float
 .text._printf_common
                0x0000000000002b30       0xe4 /usr/lib/gcc/arm-none-eabi/4.8/../../../arm-none-eabi/lib/armv7-m/libc_nano.a(lib_a-nano-vfprintf_i.o)
                0x0000000000002b30                _printf_common
 .text._printf_i
                0x0000000000002c14      0x22c /usr/lib/gcc/arm-none-eabi/4.8/../../../arm-none-eabi/lib/armv7-m/libc_nano.a(lib_a-nano-vfprintf_i.o)
                0x0000000000002c14                _printf_i
 .text._scanf_float
                0x0000000000002e40      0x3bc /usr/lib/gcc/arm-none-eabi/4.8/../../../arm-none-eabi/lib/armv7-m/libc_nano.a(lib_a-nano-vfscanf_float.o)
                0x0000000000002e40                _scanf_float
 .text.__fpclassifyd
                0x00000000000031fc       0x44 /usr/lib/gcc/arm-none-eabi/4.8/../../../arm-none-eabi/lib/armv7-m/libc_nano.a(lib_a-s_fpclassify.o)
                0x00000000000031fc                __fpclassifyd
 .text._sbrk_r  0x0000000000003240       0x20 /usr/lib/gcc/arm-none-eabi/4.8/../../../arm-none-eabi/lib/armv7-m/libc_nano.a(lib_a-sbrkr.o)
                0x0000000000003240                _sbrk_r
 .text.nanf     0x0000000000003260        0x8 /usr/lib/gcc/arm-none-eabi/4.8/../../../arm-none-eabi/lib/armv7-m/libc_nano.a(lib_a-sf_nan.o)
                0x0000000000003260                nanf
 .text._raise_r
                0x0000000000003268       0x50 /usr/lib/gcc/arm-none-eabi/4.8/../../../arm-none-eabi/lib/armv7-m/libc_nano.a(lib_a-signal.o)
                0x0000000000003268                _raise_r
 .text.raise    0x00000000000032b8       0x10 /usr/lib/gcc/arm-none-eabi/4.8/../../../arm-none-eabi/lib/armv7-m/libc_nano.a(lib_a-signal.o)
                0x00000000000032b8                raise
 .text._kill_r  0x00000000000032c8       0x24 /usr/lib/gcc/arm-none-eabi/4.8/../../../arm-none-eabi/lib/armv7-m/libc_nano.a(lib_a-signalr.o)
                0x00000000000032c8                _kill_r
 .text._getpid_r
                0x00000000000032ec        0x4 /usr/lib/gcc/arm-none-eabi/4.8/../../../arm-none-eabi/lib/armv7-m/libc_nano.a(lib_a-signalr.o)
                0x00000000000032ec                _getpid_r
 .text.sprintf  0x00000000000032f0       0x48 /usr/lib/gcc/arm-none-eabi/4.8/../../../arm-none-eabi/lib/armv7-m/libc_nano.a(lib_a-sprintf.o)
                0x00000000000032f0                sprintf
                0x00000000000032f0                siprintf
 .text.__sread  0x0000000000003338       0x22 /usr/lib/gcc/arm-none-eabi/4.8/../../../arm-none-eabi/lib/armv7-m/libc_nano.a(lib_a-stdio.o)
                0x0000000000003338                __sread
 .text.__swrite
                0x000000000000335a       0x38 /usr/lib/gcc/arm-none-eabi/4.8/../../../arm-none-eabi/lib/armv7-m/libc_nano.a(lib_a-stdio.o)
                0x000000000000335a                __swrite
 .text.__sseek  0x0000000000003392       0x24 /usr/lib/gcc/arm-none-eabi/4.8/../../../arm-none-eabi/lib/armv7-m/libc_nano.a(lib_a-stdio.o)
                0x0000000000003392                __sseek
 .text.__sclose
                0x00000000000033b6        0x8 /usr/lib/gcc/arm-none-eabi/4.8/../../../arm-none-eabi/lib/armv7-m/libc_nano.a(lib_a-stdio.o)
                0x00000000000033b6                __sclose
 .text.strlen   0x00000000000033be       0x10 /usr/lib/gcc/arm-none-eabi/4.8/../../../arm-none-eabi/lib/armv7-m/libc_nano.a(lib_a-strlen.o)
                0x00000000000033be                strlen
 .text.strncmp  0x00000000000033ce       0x2c /usr/lib/gcc/arm-none-eabi/4.8/../../../arm-none-eabi/lib/armv7-m/libc_nano.a(lib_a-strncmp.o)
                0x00000000000033ce                strncmp
 .text.match    0x00000000000033fa       0x28 /usr/lib/gcc/arm-none-eabi/4.8/../../../arm-none-eabi/lib/armv7-m/libc_nano.a(lib_a-strtod.o)
 .text.sulp     0x0000000000003422       0x3e /usr/lib/gcc/arm-none-eabi/4.8/../../../arm-none-eabi/lib/armv7-m/libc_nano.a(lib_a-strtod.o)
 .text._strtod_r
                0x0000000000003460      0xc18 /usr/lib/gcc/arm-none-eabi/4.8/../../../arm-none-eabi/lib/armv7-m/libc_nano.a(lib_a-strtod.o)
                0x0000000000003460                _strtod_r
 .text._strtol_r
                0x0000000000004078      0x104 /usr/lib/gcc/arm-none-eabi/4.8/../../../arm-none-eabi/lib/armv7-m/libc_nano.a(lib_a-strtol.o)
                0x0000000000004078                _strtol_r
 .text.__swbuf_r
                0x000000000000417c       0xa8 /usr/lib/gcc/arm-none-eabi/4.8/../../../arm-none-eabi/lib/armv7-m/libc_nano.a(lib_a-wbuf.o)
                0x000000000000417c                __swbuf_r
 .text._write_r
                0x0000000000004224       0x24 /usr/lib/gcc/arm-none-eabi/4.8/../../../arm-none-eabi/lib/armv7-m/libc_nano.a(lib_a-writer.o)
                0x0000000000004224                _write_r
 .text.__swsetup_r
                0x0000000000004248       0xdc /usr/lib/gcc/arm-none-eabi/4.8/../../../arm-none-eabi/lib/armv7-m/libc_nano.a(lib_a-wsetup.o)
                0x0000000000004248                __swsetup_r
 .text.__register_exitproc
                0x0000000000004324       0xb8 /usr/lib/gcc/arm-none-eabi/4.8/../../../arm-none-eabi/lib/armv7-m/libc_nano.a(lib_a-__atexit.o)
                0x0000000000004324                __register_exitproc
 .text._close_r
                0x00000000000043dc       0x20 /usr/lib/gcc/arm-none-eabi/4.8/../../../arm-none-eabi/lib/armv7-m/libc_nano.a(lib_a-closer.o)
                0x00000000000043dc                _close_r
 .text.quorem   0x00000000000043fc      0x11e /usr/lib/gcc/arm-none-eabi/4.8/../../../arm-none-eabi/lib/armv7-m/libc_nano.a(lib_a-dtoa.o)
 *fill*         0x000000000000451a        0x6 
 .text._dtoa_r  0x0000000000004520      0xb48 /usr/lib/gcc/arm-none-eabi/4.8/../../../arm-none-eabi/lib/armv7-m/libc_nano.a(lib_a-dtoa.o)
                0x0000000000004520                _dtoa_r
 .text._fclose_r
                0x0000000000005068       0xa8 /usr/lib/gcc/arm-none-eabi/4.8/../../../arm-none-eabi/lib/armv7-m/libc_nano.a(lib_a-fclose.o)
                0x0000000000005068                _fclose_r
 .text.rshift   0x0000000000005110       0x6a /usr/lib/gcc/arm-none-eabi/4.8/../../../arm-none-eabi/lib/armv7-m/libc_nano.a(lib_a-gdtoa-gethex.o)
 .text.__hexdig_fun
                0x000000000000517a       0x2a /usr/lib/gcc/arm-none-eabi/4.8/../../../arm-none-eabi/lib/armv7-m/libc_nano.a(lib_a-gdtoa-gethex.o)
                0x000000000000517a                __hexdig_fun
 .text.__gethex
                0x00000000000051a4      0x45e /usr/lib/gcc/arm-none-eabi/4.8/../../../arm-none-eabi/lib/armv7-m/libc_nano.a(lib_a-gdtoa-gethex.o)
                0x00000000000051a4                __gethex
 .text.L_shift  0x0000000000005602       0x26 /usr/lib/gcc/arm-none-eabi/4.8/../../../arm-none-eabi/lib/armv7-m/libc_nano.a(lib_a-gdtoa-hexnan.o)
 .text.__hexnan
                0x0000000000005628      0x120 /usr/lib/gcc/arm-none-eabi/4.8/../../../arm-none-eabi/lib/armv7-m/libc_nano.a(lib_a-gdtoa-hexnan.o)
                0x0000000000005628                __hexnan
 .text._localeconv_r
                0x0000000000005748        0x8 /usr/lib/gcc/arm-none-eabi/4.8/../../../arm-none-eabi/lib/armv7-m/libc_nano.a(lib_a-locale.o)
                0x0000000000005748                _localeconv_r
 .text._lseek_r
                0x0000000000005750       0x24 /usr/lib/gcc/arm-none-eabi/4.8/../../../arm-none-eabi/lib/armv7-m/libc_nano.a(lib_a-lseekr.o)
                0x0000000000005750                _lseek_r
 .text.__smakebuf_r
                0x0000000000005774       0x98 /usr/lib/gcc/arm-none-eabi/4.8/../../../arm-none-eabi/lib/armv7-m/libc_nano.a(lib_a-makebuf.o)
                0x0000000000005774                __smakebuf_r
 .text.memchr   0x000000000000580c       0x1c /usr/lib/gcc/arm-none-eabi/4.8/../../../arm-none-eabi/lib/armv7-m/libc_nano.a(lib_a-memchr-stub.o)
                0x000000000000580c                memchr
 .text.memmove  0x0000000000005828       0x36 /usr/lib/gcc/arm-none-eabi/4.8/../../../arm-none-eabi/lib/armv7-m/libc_nano.a(lib_a-memmove.o)
                0x0000000000005828                memmove
 .text._Balloc  0x000000000000585e       0x6a /usr/lib/gcc/arm-none-eabi/4.8/../../../arm-none-eabi/lib/armv7-m/libc_nano.a(lib_a-mprec.o)
                0x000000000000585e                _Balloc
 .text._Bfree   0x00000000000058c8       0x2e /usr/lib/gcc/arm-none-eabi/4.8/../../../arm-none-eabi/lib/armv7-m/libc_nano.a(lib_a-mprec.o)
                0x00000000000058c8                _Bfree
 .text.__multadd
                0x00000000000058f6       0x74 /usr/lib/gcc/arm-none-eabi/4.8/../../../arm-none-eabi/lib/armv7-m/libc_nano.a(lib_a-mprec.o)
                0x00000000000058f6                __multadd
 .text.__s2b    0x000000000000596a       0x84 /usr/lib/gcc/arm-none-eabi/4.8/../../../arm-none-eabi/lib/armv7-m/libc_nano.a(lib_a-mprec.o)
                0x000000000000596a                __s2b
 .text.__hi0bits
                0x00000000000059ee       0x40 /usr/lib/gcc/arm-none-eabi/4.8/../../../arm-none-eabi/lib/armv7-m/libc_nano.a(lib_a-mprec.o)
                0x00000000000059ee                __hi0bits
 .text.__lo0bits
                0x0000000000005a2e       0x5a /usr/lib/gcc/arm-none-eabi/4.8/../../../arm-none-eabi/lib/armv7-m/libc_nano.a(lib_a-mprec.o)
                0x0000000000005a2e                __lo0bits
 .text.__i2b    0x0000000000005a88       0x12 /usr/lib/gcc/arm-none-eabi/4.8/../../../arm-none-eabi/lib/armv7-m/libc_nano.a(lib_a-mprec.o)
                0x0000000000005a88                __i2b
 .text.__multiply
                0x0000000000005a9a      0x130 /usr/lib/gcc/arm-none-eabi/4.8/../../../arm-none-eabi/lib/armv7-m/libc_nano.a(lib_a-mprec.o)
                0x0000000000005a9a                __multiply
 *fill*         0x0000000000005bca        0x2 
 .text.__pow5mult
                0x0000000000005bcc       0x9c /usr/lib/gcc/arm-none-eabi/4.8/../../../arm-none-eabi/lib/armv7-m/libc_nano.a(lib_a-mprec.o)
                0x0000000000005bcc                __pow5mult
 .text.__lshift
                0x0000000000005c68       0xa6 /usr/lib/gcc/arm-none-eabi/4.8/../../../arm-none-eabi/lib/armv7-m/libc_nano.a(lib_a-mprec.o)
                0x0000000000005c68                __lshift
 .text.__mcmp   0x0000000000005d0e       0x3a /usr/lib/gcc/arm-none-eabi/4.8/../../../arm-none-eabi/lib/armv7-m/libc_nano.a(lib_a-mprec.o)
                0x0000000000005d0e                __mcmp
 .text.__mdiff  0x0000000000005d48       0xbe /usr/lib/gcc/arm-none-eabi/4.8/../../../arm-none-eabi/lib/armv7-m/libc_nano.a(lib_a-mprec.o)
                0x0000000000005d48                __mdiff
 *fill*         0x0000000000005e06        0x2 
 .text.__ulp    0x0000000000005e08       0x44 /usr/lib/gcc/arm-none-eabi/4.8/../../../arm-none-eabi/lib/armv7-m/libc_nano.a(lib_a-mprec.o)
                0x0000000000005e08                __ulp
 .text.__b2d    0x0000000000005e4c       0xa6 /usr/lib/gcc/arm-none-eabi/4.8/../../../arm-none-eabi/lib/armv7-m/libc_nano.a(lib_a-mprec.o)
                0x0000000000005e4c                __b2d
 .text.__d2b    0x0000000000005ef2       0xa4 /usr/lib/gcc/arm-none-eabi/4.8/../../../arm-none-eabi/lib/armv7-m/libc_nano.a(lib_a-mprec.o)
                0x0000000000005ef2                __d2b
 .text.__ratio  0x0000000000005f96       0x4c /usr/lib/gcc/arm-none-eabi/4.8/../../../arm-none-eabi/lib/armv7-m/libc_nano.a(lib_a-mprec.o)
                0x0000000000005f96                __ratio
 .text.__copybits
                0x0000000000005fe2       0x32 /usr/lib/gcc/arm-none-eabi/4.8/../../../arm-none-eabi/lib/armv7-m/libc_nano.a(lib_a-mprec.o)
                0x0000000000005fe2                __copybits
 .text.__any_on
                0x0000000000006014       0x48 /usr/lib/gcc/arm-none-eabi/4.8/../../../arm-none-eabi/lib/armv7-m/libc_nano.a(lib_a-mprec.o)
                0x0000000000006014                __any_on
 .text._calloc_r
                0x000000000000605c       0x1c /usr/lib/gcc/arm-none-eabi/4.8/../../../arm-none-eabi/lib/armv7-m/libc_nano.a(lib_a-nano-callocr.o)
                0x000000000000605c                _calloc_r
 .text._realloc_r
                0x0000000000006078       0x4c /usr/lib/gcc/arm-none-eabi/4.8/../../../arm-none-eabi/lib/armv7-m/libc_nano.a(lib_a-nano-reallocr.o)
                0x0000000000006078                _realloc_r
 .text.__ssputs_r
                0x00000000000060c4       0xb8 /usr/lib/gcc/arm-none-eabi/4.8/../../../arm-none-eabi/lib/armv7-m/libc_nano.a(lib_a-nano-svfprintf.o)
                0x00000000000060c4                __ssputs_r
 .text._svfprintf_r
                0x000000000000617c      0x1d8 /usr/lib/gcc/arm-none-eabi/4.8/../../../arm-none-eabi/lib/armv7-m/libc_nano.a(lib_a-nano-svfprintf.o)
                0x000000000000617c                _svfprintf_r
                0x000000000000617c                _svfiprintf_r
 .text._read_r  0x0000000000006354       0x24 /usr/lib/gcc/arm-none-eabi/4.8/../../../arm-none-eabi/lib/armv7-m/libc_nano.a(lib_a-readr.o)
                0x0000000000006354                _read_r
 .text._fstat_r
                0x0000000000006378       0x24 /usr/lib/gcc/arm-none-eabi/4.8/../../../arm-none-eabi/lib/armv7-m/libc_nano.a(lib_a-fstatr.o)
                0x0000000000006378                _fstat_r
 .text._isatty_r
                0x000000000000639c       0x20 /usr/lib/gcc/arm-none-eabi/4.8/../../../arm-none-eabi/lib/armv7-m/libc_nano.a(lib_a-isattyr.o)
                0x000000000000639c                _isatty_r
 .text._malloc_usable_size_r
                0x00000000000063bc       0x12 /usr/lib/gcc/arm-none-eabi/4.8/../../../arm-none-eabi/lib/armv7-m/libc_nano.a(lib_a-nano-msizer.o)
                0x00000000000063bc                _malloc_usable_size_r
 *fill*         0x00000000000063ce        0x2 
 .text          0x00000000000063d0      0x370 /usr/lib/gcc/arm-none-eabi/4.8/armv7-m/libgcc.a(_arm_addsubdf3.o)
                0x00000000000063d0                __aeabi_drsub
                0x00000000000063d8                __aeabi_dsub
                0x00000000000063d8                __subdf3
                0x00000000000063dc                __adddf3
                0x00000000000063dc                __aeabi_dadd
                0x0000000000006654                __aeabi_ui2d
                0x0000000000006654                __floatunsidf
                0x0000000000006674                __floatsidf
                0x0000000000006674                __aeabi_i2d
                0x0000000000006698                __extendsfdf2
                0x0000000000006698                __aeabi_f2d
                0x00000000000066d4                __aeabi_ul2d
                0x00000000000066d4                __floatundidf
                0x00000000000066e4                __floatdidf
                0x00000000000066e4                __aeabi_l2d
 .text          0x0000000000006740      0x424 /usr/lib/gcc/arm-none-eabi/4.8/armv7-m/libgcc.a(_arm_muldivdf3.o)
                0x0000000000006740                __aeabi_dmul
                0x0000000000006740                __muldf3
                0x0000000000006994                __aeabi_ddiv
                0x0000000000006994                __divdf3
 .text          0x0000000000006b64      0x110 /usr/lib/gcc/arm-none-eabi/4.8/armv7-m/libgcc.a(_arm_cmpdf2.o)
                0x0000000000006b64                __gtdf2
                0x0000000000006b64                __gedf2
                0x0000000000006b6c                __ltdf2
                0x0000000000006b6c                __ledf2
                0x0000000000006b74                __cmpdf2
                0x0000000000006b74                __eqdf2
                0x0000000000006b74                __nedf2
                0x0000000000006bf0                __aeabi_cdrcmple
                0x0000000000006c00                __aeabi_cdcmple
                0x0000000000006c00                __aeabi_cdcmpeq
                0x0000000000006c10                __aeabi_dcmpeq
                0x0000000000006c24                __aeabi_dcmplt
                0x0000000000006c38                __aeabi_dcmple
                0x0000000000006c4c                __aeabi_dcmpge
                0x0000000000006c60                __aeabi_dcmpgt
 .text          0x0000000000006c74       0x50 /usr/lib/gcc/arm-none-eabi/4.8/armv7-m/libgcc.a(_arm_fixdfsi.o)
                0x0000000000006c74                __fixdfsi
                0x0000000000006c74                __aeabi_d2iz
 .text          0x0000000000006cc4       0x40 /usr/lib/gcc/arm-none-eabi/4.8/armv7-m/libgcc.a(_arm_fixunsdfsi.o)
                0x0000000000006cc4                __fixunsdfsi
                0x0000000000006cc4                __aeabi_d2uiz
 .text          0x0000000000006d04       0xa0 /usr/lib/gcc/arm-none-eabi/4.8/armv7-m/libgcc.a(_arm_truncdfsf2.o)
                0x0000000000006d04                __aeabi_d2f
                0x0000000000006d04                __truncdfsf2
 .text._getpid  0x0000000000006da4       0x14 /usr/lib/gcc/arm-none-eabi/4.8/../../../arm-none-eabi/lib/armv7-m/libnosys.a(getpid.o)
                0x0000000000006da4                _getpid
 .text._kill    0x0000000000006db8       0x14 /usr/lib/gcc/arm-none-eabi/4.8/../../../arm-none-eabi/lib/armv7-m/libnosys.a(kill.o)
                0x0000000000006db8                _kill
 .text._exit    0x0000000000006dcc        0x4 /usr/lib/gcc/arm-none-eabi/4.8/../../../arm-none-eabi/lib/armv7-m/libnosys.a(_exit.o)
                0x0000000000006dcc                _exit
 *(.init)
 .init          0x0000000000006dd0        0x4 /usr/lib/gcc/arm-none-eabi/4.8/armv7-m/crti.o
                0x0000000000006dd0                _init
 .init          0x0000000000006dd4        0x8 /usr/lib/gcc/arm-none-eabi/4.8/armv7-m/crtn.o
 *(.fini)
 .fini          0x0000000000006ddc        0x4 /usr/lib/gcc/arm-none-eabi/4.8/armv7-m/crti.o
                0x0000000000006ddc                _fini
 .fini          0x0000000000006de0        0x8 /usr/lib/gcc/arm-none-eabi/4.8/armv7-m/crtn.o
 *crtbegin.o(.ctors)
 *crtbegin?.o(.ctors)
 *(EXCLUDE_FILE(*crtend.o *crtend?.o) .ctors)
 *(SORT(.ctors.*))
 *(.ctors)
 *crtbegin.o(.dtors)
 *crtbegin?.o(.dtors)
 *(EXCLUDE_FILE(*crtend.o *crtend?.o) .dtors)
 *(SORT(.dtors.*))
 *(.dtors)
 *(.rodata*)
 .rodata.str1.4
                0x0000000000006de8       0x67 mbed/TARGET_LPC1768/TOOLCHAIN_GCC_ARM/board.o
                                         0x68 (size before relaxing)
 *fill*         0x0000000000006e4f        0x1 
 .rodata.PinMap_UART_RTS
                0x0000000000006e50       0x24 ./mbed/TARGET_LPC1768/TOOLCHAIN_GCC_ARM/libmbed.a(serial_api.o)
 .rodata.PinMap_UART_RX
                0x0000000000006e74       0x6c ./mbed/TARGET_LPC1768/TOOLCHAIN_GCC_ARM/libmbed.a(serial_api.o)
 .rodata.str1.4
                0x0000000000006ee0      0x1b4 ./mbed/TARGET_LPC1768/TOOLCHAIN_GCC_ARM/libmbed.a(serial_api.o)
                                        0x1cc (size before relaxing)
 .rodata.PinMap_UART_TX
                0x0000000000007094       0x6c ./mbed/TARGET_LPC1768/TOOLCHAIN_GCC_ARM/libmbed.a(serial_api.o)
 .rodata.PinMap_UART_CTS
                0x0000000000007100       0x24 ./mbed/TARGET_LPC1768/TOOLCHAIN_GCC_ARM/libmbed.a(serial_api.o)
 .rodata.CSWTCH.23
                0x0000000000007124       0x10 ./mbed/TARGET_LPC1768/TOOLCHAIN_GCC_ARM/libmbed.a(serial_api.o)
 *fill*         0x0000000000007134        0x4 
 .rodata._ZTVN4mbed6BusOutE
                0x0000000000007138       0x10 ./mbed/TARGET_LPC1768/TOOLCHAIN_GCC_ARM/libmbed.a(BusOut.o)
                0x0000000000007138                vtable for mbed::BusOut
 .rodata.str1.4
                0x0000000000007148       0x68 ./mbed/TARGET_LPC1768/TOOLCHAIN_GCC_ARM/libmbed.a(BusOut.o)
 .rodata.str1.4
                0x0000000000007148       0x31 ./mbed/TARGET_LPC1768/TOOLCHAIN_GCC_ARM/libmbed.a(assert.o)
                                         0x34 (size before relaxing)
 .rodata.str1.4
                0x0000000000007179       0x68 ./mbed/TARGET_LPC1768/TOOLCHAIN_GCC_ARM/libmbed.a(gpio.o)
 *fill*         0x0000000000007179        0x3 
 .rodata.str1.4
                0x000000000000717c       0x48 ./mbed/TARGET_LPC1768/TOOLCHAIN_GCC_ARM/libmbed.a(pinmap_common.o)
 .rodata.str1.4
                0x00000000000071c4       0x6c ./mbed/TARGET_LPC1768/TOOLCHAIN_GCC_ARM/libmbed.a(gpio_api.o)
                                         0x84 (size before relaxing)
 .rodata.str1.4
                0x0000000000007230       0x58 ./mbed/TARGET_LPC1768/TOOLCHAIN_GCC_ARM/libmbed.a(pinmap.o)
                                         0x6c (size before relaxing)
 .rodata.__sf_fake_stdin
                0x0000000000007288       0x20 /usr/lib/gcc/arm-none-eabi/4.8/../../../arm-none-eabi/lib/armv7-m/libc_nano.a(lib_a-findfp.o)
                0x0000000000007288                __sf_fake_stdin
 .rodata.__sf_fake_stdout
                0x00000000000072a8       0x20 /usr/lib/gcc/arm-none-eabi/4.8/../../../arm-none-eabi/lib/armv7-m/libc_nano.a(lib_a-findfp.o)
                0x00000000000072a8                __sf_fake_stdout
 .rodata.__sf_fake_stderr
                0x00000000000072c8       0x20 /usr/lib/gcc/arm-none-eabi/4.8/../../../arm-none-eabi/lib/armv7-m/libc_nano.a(lib_a-findfp.o)
                0x00000000000072c8                __sf_fake_stderr
 .rodata.str1.1
                0x00000000000072e8        0x2 /usr/lib/gcc/arm-none-eabi/4.8/../../../arm-none-eabi/lib/armv7-m/libc_nano.a(lib_a-impure.o)
 *fill*         0x00000000000072ea        0x2 
 .rodata._global_impure_ptr
                0x00000000000072ec        0x4 /usr/lib/gcc/arm-none-eabi/4.8/../../../arm-none-eabi/lib/armv7-m/libc_nano.a(lib_a-impure.o)
                0x00000000000072ec                _global_impure_ptr
 .rodata.str1.1
                0x00000000000072f0       0x11 /usr/lib/gcc/arm-none-eabi/4.8/../../../arm-none-eabi/lib/armv7-m/libc_nano.a(lib_a-nano-vfprintf.o)
 .rodata.str1.1
                0x0000000000007301       0x12 /usr/lib/gcc/arm-none-eabi/4.8/../../../arm-none-eabi/lib/armv7-m/libc_nano.a(lib_a-nano-vfprintf_float.o)
 .rodata.str1.1
                0x0000000000007313       0x22 /usr/lib/gcc/arm-none-eabi/4.8/../../../arm-none-eabi/lib/armv7-m/libc_nano.a(lib_a-nano-vfprintf_i.o)
 .rodata.str1.1
                0x0000000000007335        0x5 /usr/lib/gcc/arm-none-eabi/4.8/../../../arm-none-eabi/lib/armv7-m/libc_nano.a(lib_a-nano-vfscanf_float.o)
 *fill*         0x000000000000733a        0x6 
 .rodata.tinytens
                0x0000000000007340       0x28 /usr/lib/gcc/arm-none-eabi/4.8/../../../arm-none-eabi/lib/armv7-m/libc_nano.a(lib_a-strtod.o)
 .rodata.fpi.5246
                0x0000000000007368       0x14 /usr/lib/gcc/arm-none-eabi/4.8/../../../arm-none-eabi/lib/armv7-m/libc_nano.a(lib_a-strtod.o)
 .rodata.str1.1
                0x000000000000737c        0x5 /usr/lib/gcc/arm-none-eabi/4.8/../../../arm-none-eabi/lib/armv7-m/libc_nano.a(lib_a-strtod.o)
                                          0xc (size before relaxing)
 .rodata.fpinan.5282
                0x000000000000737c       0x14 /usr/lib/gcc/arm-none-eabi/4.8/../../../arm-none-eabi/lib/armv7-m/libc_nano.a(lib_a-strtod.o)
 .rodata._ctype_
                0x0000000000007390      0x101 /usr/lib/gcc/arm-none-eabi/4.8/../../../arm-none-eabi/lib/armv7-m/libc_nano.a(lib_a-ctype_.o)
                0x0000000000007390                _ctype_
 .rodata.str1.1
                0x0000000000007491        0xd /usr/lib/gcc/arm-none-eabi/4.8/../../../arm-none-eabi/lib/armv7-m/libc_nano.a(lib_a-dtoa.o)
                                          0xf (size before relaxing)
 .rodata.str1.1
                0x000000000000749e        0x8 /usr/lib/gcc/arm-none-eabi/4.8/../../../arm-none-eabi/lib/armv7-m/libc_nano.a(lib_a-locale.o)
                                          0xb (size before relaxing)
 *fill*         0x00000000000074a6        0x2 
 .rodata.__mprec_tens
                0x00000000000074a8       0xc8 /usr/lib/gcc/arm-none-eabi/4.8/../../../arm-none-eabi/lib/armv7-m/libc_nano.a(lib_a-mprec.o)
                0x00000000000074a8                __mprec_tens
 .rodata.__mprec_bigtens
                0x0000000000007570       0x28 /usr/lib/gcc/arm-none-eabi/4.8/../../../arm-none-eabi/lib/armv7-m/libc_nano.a(lib_a-mprec.o)
                0x0000000000007570                __mprec_bigtens
 .rodata.p05.5281
                0x0000000000007598        0xc /usr/lib/gcc/arm-none-eabi/4.8/../../../arm-none-eabi/lib/armv7-m/libc_nano.a(lib_a-mprec.o)
 .rodata.str1.1
                0x00000000000075a4       0x11 /usr/lib/gcc/arm-none-eabi/4.8/../../../arm-none-eabi/lib/armv7-m/libc_nano.a(lib_a-nano-svfprintf.o)
 *(.eh_frame*)
 .eh_frame      0x00000000000075a4        0x0 /usr/lib/gcc/arm-none-eabi/4.8/armv7-m/crtbegin.o
 .eh_frame      0x00000000000075a4        0x0 /usr/lib/gcc/arm-none-eabi/4.8/../../../arm-none-eabi/lib/armv7-m/libc_nano.a(lib_a-strcmp.o)
                                         0x28 (size before relaxing)
 .eh_frame      0x00000000000075a4        0x4 /usr/lib/gcc/arm-none-eabi/4.8/armv7-m/crtend.o

.glue_7         0x00000000000075a8        0x0
 .glue_7        0x00000000000075a8        0x0 linker stubs

.glue_7t        0x00000000000075a8        0x0
 .glue_7t       0x00000000000075a8        0x0 linker stubs

.vfp11_veneer   0x00000000000075a8        0x0
 .vfp11_veneer  0x00000000000075a8        0x0 linker stubs

.v4_bx          0x00000000000075a8        0x0
 .v4_bx         0x00000000000075a8        0x0 linker stubs

.iplt           0x00000000000075a8        0x0
 .iplt          0x00000000000075a8        0x0 /usr/lib/gcc/arm-none-eabi/4.8/armv7-m/crtbegin.o

.ARM.extab
 *(.ARM.extab* .gnu.linkonce.armextab.*)
                0x00000000000075a8                __exidx_start = .

.ARM.exidx      0x00000000000075a8        0x8
 *(.ARM.exidx* .gnu.linkonce.armexidx.*)
 .ARM.exidx     0x00000000000075a8        0x8 /usr/lib/gcc/arm-none-eabi/4.8/../../../arm-none-eabi/lib/armv7-m/crt0.o
                0x00000000000075b0                __exidx_end = .
                0x00000000000075b0                __etext = .

.rel.dyn        0x00000000000075b0        0x0
 .rel.iplt      0x00000000000075b0        0x0 /usr/lib/gcc/arm-none-eabi/4.8/armv7-m/crtbegin.o

.data           0x00000000100000c8       0xb8 load address 0x00000000000075b0
                0x00000000100000c8                __data_start__ = .
                0x00000000100000c8                Image$$RW_IRAM1$$Base = .
 *(vtable)
 *(.data*)
 .data          0x00000000100000c8        0x4 /usr/lib/gcc/arm-none-eabi/4.8/armv7-m/crtbegin.o
                0x00000000100000c8                __dso_handle
 .data._ZZ5_sbrkE4heap
                0x00000000100000cc        0x4 mbed/TARGET_LPC1768/TOOLCHAIN_GCC_ARM/retarget.o
 .data.SystemCoreClock
                0x00000000100000d0        0x4 mbed/TARGET_LPC1768/TOOLCHAIN_GCC_ARM/system_LPC17xx.o
                0x00000000100000d0                SystemCoreClock
 .data.impure_data
                0x00000000100000d4       0x60 /usr/lib/gcc/arm-none-eabi/4.8/../../../arm-none-eabi/lib/armv7-m/libc_nano.a(lib_a-impure.o)
 .data._impure_ptr
                0x0000000010000134        0x4 /usr/lib/gcc/arm-none-eabi/4.8/../../../arm-none-eabi/lib/armv7-m/libc_nano.a(lib_a-impure.o)
                0x0000000010000134                _impure_ptr
 .data.__ctype_ptr__
                0x0000000010000138        0x4 /usr/lib/gcc/arm-none-eabi/4.8/../../../arm-none-eabi/lib/armv7-m/libc_nano.a(lib_a-ctype_.o)
                0x0000000010000138                __ctype_ptr__
 .data.lconv    0x000000001000013c       0x38 /usr/lib/gcc/arm-none-eabi/4.8/../../../arm-none-eabi/lib/armv7-m/libc_nano.a(lib_a-locale.o)
                0x0000000010000174                . = ALIGN (0x4)
                0x0000000010000174                PROVIDE (__preinit_array_start, .)
 *(.preinit_array)
                0x0000000010000174                PROVIDE (__preinit_array_end, .)
                0x0000000010000174                . = ALIGN (0x4)
                0x0000000010000174                PROVIDE (__init_array_start, .)
 *(SORT(.init_array.*))
 *(.init_array)
 .init_array    0x0000000010000174        0x4 /usr/lib/gcc/arm-none-eabi/4.8/armv7-m/crtbegin.o
 .init_array    0x0000000010000178        0x4 main.o
                0x000000001000017c                PROVIDE (__init_array_end, .)
                0x000000001000017c                . = ALIGN (0x4)
                0x000000001000017c                PROVIDE (__fini_array_start, .)
 *(SORT(.fini_array.*))
 *(.fini_array)
 .fini_array    0x000000001000017c        0x4 /usr/lib/gcc/arm-none-eabi/4.8/armv7-m/crtbegin.o
                0x0000000010000180                PROVIDE (__fini_array_end, .)
                0x0000000010000180                . = ALIGN (0x4)
                0x0000000010000180                __data_end__ = .

.jcr            0x0000000010000180        0x0 load address 0x0000000000007668
 .jcr           0x0000000010000180        0x0 /usr/lib/gcc/arm-none-eabi/4.8/armv7-m/crtbegin.o

.tm_clone_table
                0x0000000010000180        0x0 load address 0x0000000000007668
 .tm_clone_table
                0x0000000010000180        0x0 /usr/lib/gcc/arm-none-eabi/4.8/armv7-m/crtbegin.o
 .tm_clone_table
                0x0000000010000180        0x0 /usr/lib/gcc/arm-none-eabi/4.8/armv7-m/crtend.o

.igot.plt       0x0000000010000180        0x0 load address 0x0000000000007668
 .igot.plt      0x0000000010000180        0x0 /usr/lib/gcc/arm-none-eabi/4.8/armv7-m/crtbegin.o

.bss            0x0000000010000180      0x314 load address 0x0000000000007668
                0x0000000010000180                __bss_start__ = .
 *(.bss*)
 .bss           0x0000000010000180       0x1c /usr/lib/gcc/arm-none-eabi/4.8/armv7-m/crtbegin.o
 .bss.myBus     0x000000001000019c       0x44 main.o
                0x000000001000019c                myBus
 .bss.enable    0x00000000100001e0       0x18 main.o
                0x00000000100001e0                enable
 .bss._ZL11filehandles
                0x00000000100001f8      0x100 mbed/TARGET_LPC1768/TOOLCHAIN_GCC_ARM/retarget.o
 .bss.stdio_uart_inited
                0x00000000100002f8        0x4 ./mbed/TARGET_LPC1768/TOOLCHAIN_GCC_ARM/libmbed.a(serial_api.o)
                0x00000000100002f8                stdio_uart_inited
 .bss.irq_handler
                0x00000000100002fc        0x4 ./mbed/TARGET_LPC1768/TOOLCHAIN_GCC_ARM/libmbed.a(serial_api.o)
 .bss.uart_data
                0x0000000010000300       0xe0 ./mbed/TARGET_LPC1768/TOOLCHAIN_GCC_ARM/libmbed.a(serial_api.o)
 .bss.us_ticker_inited
                0x00000000100003e0        0x4 ./mbed/TARGET_LPC1768/TOOLCHAIN_GCC_ARM/libmbed.a(us_ticker.o)
                0x00000000100003e0                us_ticker_inited
 .bss.head      0x00000000100003e4        0x4 ./mbed/TARGET_LPC1768/TOOLCHAIN_GCC_ARM/libmbed.a(us_ticker_api.o)
 .bss.event_handler
                0x00000000100003e8        0x4 ./mbed/TARGET_LPC1768/TOOLCHAIN_GCC_ARM/libmbed.a(us_ticker_api.o)
 .bss.__new_handler
                0x00000000100003ec        0x4 /usr/lib/gcc/arm-none-eabi/4.8/../../../arm-none-eabi/lib/armv7-m/libstdc++_nano.a(new_handler.o)
                0x00000000100003ec                __new_handler
 .bss.__malloc_sbrk_start
                0x00000000100003f0        0x4 /usr/lib/gcc/arm-none-eabi/4.8/../../../arm-none-eabi/lib/armv7-m/libc_nano.a(lib_a-nano-mallocr.o)
                0x00000000100003f0                __malloc_sbrk_start
 .bss.__malloc_free_list
                0x00000000100003f4        0x4 /usr/lib/gcc/arm-none-eabi/4.8/../../../arm-none-eabi/lib/armv7-m/libc_nano.a(lib_a-nano-mallocr.o)
                0x00000000100003f4                __malloc_free_list
 .bss._global_atexit0
                0x00000000100003f8       0x8c /usr/lib/gcc/arm-none-eabi/4.8/../../../arm-none-eabi/lib/armv7-m/libc_nano.a(lib_a-__atexit.o)
 .bss._global_atexit
                0x0000000010000484        0x4 /usr/lib/gcc/arm-none-eabi/4.8/../../../arm-none-eabi/lib/armv7-m/libc_nano.a(lib_a-__call_atexit.o)
                0x0000000010000484                _global_atexit
 *(COMMON)
 COMMON         0x0000000010000488        0x8 ./mbed/TARGET_LPC1768/TOOLCHAIN_GCC_ARM/libmbed.a(serial_api.o)
                0x0000000010000488                stdio_uart
 COMMON         0x0000000010000490        0x4 /usr/lib/gcc/arm-none-eabi/4.8/../../../arm-none-eabi/lib/armv7-m/libc_nano.a(lib_a-reent.o)
                0x0000000010000490                errno
                0x0000000010000494                __bss_end__ = .
                0x0000000010000494                Image$$RW_IRAM1$$ZI$$Limit = .

.heap           0x0000000010000498      0x800
                0x0000000010000498                __end__ = .
                0x0000000010000498                end = __end__
 *(.heap*)
 .heap          0x0000000010000498      0x800 mbed/TARGET_LPC1768/TOOLCHAIN_GCC_ARM/startup_LPC17xx.o
                0x0000000010000498                __HeapBase
                0x0000000010000c98                __HeapLimit = .

.stack_dummy    0x0000000010000498      0xc00
 *(.stack)
 .stack         0x0000000010000498      0xc00 mbed/TARGET_LPC1768/TOOLCHAIN_GCC_ARM/startup_LPC17xx.o
                0x0000000010008000                __StackTop = (ORIGIN (RAM) + 0x7f38)
                0x0000000010007400                __StackLimit = (__StackTop - SIZEOF (.stack_dummy))
                0x0000000010008000                PROVIDE (__stack, __StackTop)
                0x0000000000000001                ASSERT ((__StackLimit >= __HeapLimit), region RAM overflowed with stack)

.AHBSRAM0       0x000000002007c000        0x0
                0x000000002007c000                Image$$RW_IRAM2$$Base = .
 *(AHBSRAM0)
                0x000000002007c000                Image$$RW_IRAM2$$ZI$$Limit = .

.AHBSRAM1       0x0000000020080000        0x0
                0x0000000020080000                Image$$RW_IRAM3$$Base = .
 *(AHBSRAM1)
                0x0000000020080000                Image$$RW_IRAM3$$ZI$$Limit = .
OUTPUT(LED_Sphere.elf elf32-littlearm)

.ARM.attributes
                0x0000000000000000       0x29
 .ARM.attributes
                0x0000000000000000       0x1d /usr/lib/gcc/arm-none-eabi/4.8/armv7-m/crti.o
 .ARM.attributes
                0x000000000000001d       0x2d /usr/lib/gcc/arm-none-eabi/4.8/armv7-m/crtbegin.o
 .ARM.attributes
                0x000000000000004a       0x1b /usr/lib/gcc/arm-none-eabi/4.8/../../../arm-none-eabi/lib/armv7-m/crt0.o
 .ARM.attributes
                0x0000000000000065       0x33 main.o
 .ARM.attributes
                0x0000000000000098       0x33 mbed/TARGET_LPC1768/TOOLCHAIN_GCC_ARM/retarget.o
 .ARM.attributes
                0x00000000000000cb       0x33 mbed/TARGET_LPC1768/TOOLCHAIN_GCC_ARM/system_LPC17xx.o
 .ARM.attributes
                0x00000000000000fe       0x33 mbed/TARGET_LPC1768/TOOLCHAIN_GCC_ARM/board.o
 .ARM.attributes
                0x0000000000000131       0x33 mbed/TARGET_LPC1768/TOOLCHAIN_GCC_ARM/cmsis_nvic.o
 .ARM.attributes
                0x0000000000000164       0x1b mbed/TARGET_LPC1768/TOOLCHAIN_GCC_ARM/startup_LPC17xx.o
 .ARM.attributes
                0x000000000000017f       0x33 ./mbed/TARGET_LPC1768/TOOLCHAIN_GCC_ARM/libmbed.a(serial_api.o)
 .ARM.attributes
                0x00000000000001b2       0x33 ./mbed/TARGET_LPC1768/TOOLCHAIN_GCC_ARM/libmbed.a(BusOut.o)
 .ARM.attributes
                0x00000000000001e5       0x33 ./mbed/TARGET_LPC1768/TOOLCHAIN_GCC_ARM/libmbed.a(assert.o)
 .ARM.attributes
                0x0000000000000218       0x33 ./mbed/TARGET_LPC1768/TOOLCHAIN_GCC_ARM/libmbed.a(error.o)
 .ARM.attributes
                0x000000000000024b       0x33 ./mbed/TARGET_LPC1768/TOOLCHAIN_GCC_ARM/libmbed.a(exit.o)
 .ARM.attributes
                0x000000000000027e       0x33 ./mbed/TARGET_LPC1768/TOOLCHAIN_GCC_ARM/libmbed.a(gpio.o)
 .ARM.attributes
                0x00000000000002b1       0x33 ./mbed/TARGET_LPC1768/TOOLCHAIN_GCC_ARM/libmbed.a(mbed_interface.o)
 .ARM.attributes
                0x00000000000002e4       0x33 ./mbed/TARGET_LPC1768/TOOLCHAIN_GCC_ARM/libmbed.a(pinmap_common.o)
 .ARM.attributes
                0x0000000000000317       0x33 ./mbed/TARGET_LPC1768/TOOLCHAIN_GCC_ARM/libmbed.a(semihost_api.o)
 .ARM.attributes
                0x000000000000034a       0x33 ./mbed/TARGET_LPC1768/TOOLCHAIN_GCC_ARM/libmbed.a(wait_api.o)
 .ARM.attributes
                0x000000000000037d       0x33 ./mbed/TARGET_LPC1768/TOOLCHAIN_GCC_ARM/libmbed.a(gpio_api.o)
 .ARM.attributes
                0x00000000000003b0       0x33 ./mbed/TARGET_LPC1768/TOOLCHAIN_GCC_ARM/libmbed.a(pinmap.o)
 .ARM.attributes
                0x00000000000003e3       0x33 ./mbed/TARGET_LPC1768/TOOLCHAIN_GCC_ARM/libmbed.a(us_ticker.o)
 .ARM.attributes
                0x0000000000000416       0x33 ./mbed/TARGET_LPC1768/TOOLCHAIN_GCC_ARM/libmbed.a(us_ticker_api.o)
 .ARM.attributes
                0x0000000000000449       0x2d /usr/lib/gcc/arm-none-eabi/4.8/../../../arm-none-eabi/lib/armv7-m/libstdc++_nano.a(atexit_arm.o)
 .ARM.attributes
                0x0000000000000476       0x2d /usr/lib/gcc/arm-none-eabi/4.8/../../../arm-none-eabi/lib/armv7-m/libstdc++_nano.a(del_op.o)
 .ARM.attributes
                0x00000000000004a3       0x2d /usr/lib/gcc/arm-none-eabi/4.8/../../../arm-none-eabi/lib/armv7-m/libstdc++_nano.a(new_op.o)
 .ARM.attributes
                0x00000000000004d0       0x2d /usr/lib/gcc/arm-none-eabi/4.8/../../../arm-none-eabi/lib/armv7-m/libstdc++_nano.a(new_handler.o)
 .ARM.attributes
                0x00000000000004fd       0x2d /usr/lib/gcc/arm-none-eabi/4.8/../../../arm-none-eabi/lib/armv7-m/libc_nano.a(lib_a-abort.o)
 .ARM.attributes
                0x000000000000052a       0x2d /usr/lib/gcc/arm-none-eabi/4.8/../../../arm-none-eabi/lib/armv7-m/libc_nano.a(lib_a-abs.o)
 .ARM.attributes
                0x0000000000000557       0x2d /usr/lib/gcc/arm-none-eabi/4.8/../../../arm-none-eabi/lib/armv7-m/libc_nano.a(lib_a-atexit.o)
 .ARM.attributes
                0x0000000000000584       0x2d /usr/lib/gcc/arm-none-eabi/4.8/../../../arm-none-eabi/lib/armv7-m/libc_nano.a(lib_a-cxa_atexit.o)
 .ARM.attributes
                0x00000000000005b1       0x2d /usr/lib/gcc/arm-none-eabi/4.8/../../../arm-none-eabi/lib/armv7-m/libc_nano.a(lib_a-errno.o)
 .ARM.attributes
                0x00000000000005de       0x2d /usr/lib/gcc/arm-none-eabi/4.8/../../../arm-none-eabi/lib/armv7-m/libc_nano.a(lib_a-fflush.o)
 .ARM.attributes
                0x000000000000060b       0x2d /usr/lib/gcc/arm-none-eabi/4.8/../../../arm-none-eabi/lib/armv7-m/libc_nano.a(lib_a-findfp.o)
 .ARM.attributes
                0x0000000000000638       0x2d /usr/lib/gcc/arm-none-eabi/4.8/../../../arm-none-eabi/lib/armv7-m/libc_nano.a(lib_a-fini.o)
 .ARM.attributes
                0x0000000000000665       0x2d /usr/lib/gcc/arm-none-eabi/4.8/../../../arm-none-eabi/lib/armv7-m/libc_nano.a(lib_a-fprintf.o)
 .ARM.attributes
                0x0000000000000692       0x2d /usr/lib/gcc/arm-none-eabi/4.8/../../../arm-none-eabi/lib/armv7-m/libc_nano.a(lib_a-fwalk.o)
 .ARM.attributes
                0x00000000000006bf       0x2d /usr/lib/gcc/arm-none-eabi/4.8/../../../arm-none-eabi/lib/armv7-m/libc_nano.a(lib_a-impure.o)
 .ARM.attributes
                0x00000000000006ec       0x2d /usr/lib/gcc/arm-none-eabi/4.8/../../../arm-none-eabi/lib/armv7-m/libc_nano.a(lib_a-init.o)
 .ARM.attributes
                0x0000000000000719       0x2d /usr/lib/gcc/arm-none-eabi/4.8/../../../arm-none-eabi/lib/armv7-m/libc_nano.a(lib_a-malloc.o)
 .ARM.attributes
                0x0000000000000746       0x2d /usr/lib/gcc/arm-none-eabi/4.8/../../../arm-none-eabi/lib/armv7-m/libc_nano.a(lib_a-memcpy-stub.o)
 .ARM.attributes
                0x0000000000000773       0x2d /usr/lib/gcc/arm-none-eabi/4.8/../../../arm-none-eabi/lib/armv7-m/libc_nano.a(lib_a-memset.o)
 .ARM.attributes
                0x00000000000007a0       0x2d /usr/lib/gcc/arm-none-eabi/4.8/../../../arm-none-eabi/lib/armv7-m/libc_nano.a(lib_a-nano-freer.o)
 .ARM.attributes
                0x00000000000007cd       0x2d /usr/lib/gcc/arm-none-eabi/4.8/../../../arm-none-eabi/lib/armv7-m/libc_nano.a(lib_a-nano-mallocr.o)
 .ARM.attributes
                0x00000000000007fa       0x2d /usr/lib/gcc/arm-none-eabi/4.8/../../../arm-none-eabi/lib/armv7-m/libc_nano.a(lib_a-nano-vfprintf.o)
 .ARM.attributes
                0x0000000000000827       0x2d /usr/lib/gcc/arm-none-eabi/4.8/../../../arm-none-eabi/lib/armv7-m/libc_nano.a(lib_a-nano-vfprintf_float.o)
 .ARM.attributes
                0x0000000000000854       0x2d /usr/lib/gcc/arm-none-eabi/4.8/../../../arm-none-eabi/lib/armv7-m/libc_nano.a(lib_a-nano-vfprintf_i.o)
 .ARM.attributes
                0x0000000000000881       0x2d /usr/lib/gcc/arm-none-eabi/4.8/../../../arm-none-eabi/lib/armv7-m/libc_nano.a(lib_a-nano-vfscanf_float.o)
 .ARM.attributes
                0x00000000000008ae       0x2d /usr/lib/gcc/arm-none-eabi/4.8/../../../arm-none-eabi/lib/armv7-m/libc_nano.a(lib_a-reent.o)
 .ARM.attributes
                0x00000000000008db       0x2d /usr/lib/gcc/arm-none-eabi/4.8/../../../arm-none-eabi/lib/armv7-m/libc_nano.a(lib_a-s_fpclassify.o)
 .ARM.attributes
                0x0000000000000908       0x2d /usr/lib/gcc/arm-none-eabi/4.8/../../../arm-none-eabi/lib/armv7-m/libc_nano.a(lib_a-sbrkr.o)
 .ARM.attributes
                0x0000000000000935       0x2d /usr/lib/gcc/arm-none-eabi/4.8/../../../arm-none-eabi/lib/armv7-m/libc_nano.a(lib_a-sf_nan.o)
 .ARM.attributes
                0x0000000000000962       0x2d /usr/lib/gcc/arm-none-eabi/4.8/../../../arm-none-eabi/lib/armv7-m/libc_nano.a(lib_a-signal.o)
 .ARM.attributes
                0x000000000000098f       0x2d /usr/lib/gcc/arm-none-eabi/4.8/../../../arm-none-eabi/lib/armv7-m/libc_nano.a(lib_a-signalr.o)
 .ARM.attributes
                0x00000000000009bc       0x2d /usr/lib/gcc/arm-none-eabi/4.8/../../../arm-none-eabi/lib/armv7-m/libc_nano.a(lib_a-sprintf.o)
 .ARM.attributes
                0x00000000000009e9       0x2d /usr/lib/gcc/arm-none-eabi/4.8/../../../arm-none-eabi/lib/armv7-m/libc_nano.a(lib_a-stdio.o)
 .ARM.attributes
                0x0000000000000a16       0x1b /usr/lib/gcc/arm-none-eabi/4.8/../../../arm-none-eabi/lib/armv7-m/libc_nano.a(lib_a-strcmp.o)
 .ARM.attributes
                0x0000000000000a31       0x2d /usr/lib/gcc/arm-none-eabi/4.8/../../../arm-none-eabi/lib/armv7-m/libc_nano.a(lib_a-strlen.o)
 .ARM.attributes
                0x0000000000000a5e       0x2d /usr/lib/gcc/arm-none-eabi/4.8/../../../arm-none-eabi/lib/armv7-m/libc_nano.a(lib_a-strncmp.o)
 .ARM.attributes
                0x0000000000000a8b       0x2d /usr/lib/gcc/arm-none-eabi/4.8/../../../arm-none-eabi/lib/armv7-m/libc_nano.a(lib_a-strtod.o)
 .ARM.attributes
                0x0000000000000ab8       0x2d /usr/lib/gcc/arm-none-eabi/4.8/../../../arm-none-eabi/lib/armv7-m/libc_nano.a(lib_a-strtol.o)
 .ARM.attributes
                0x0000000000000ae5       0x2d /usr/lib/gcc/arm-none-eabi/4.8/../../../arm-none-eabi/lib/armv7-m/libc_nano.a(lib_a-wbuf.o)
 .ARM.attributes
                0x0000000000000b12       0x2d /usr/lib/gcc/arm-none-eabi/4.8/../../../arm-none-eabi/lib/armv7-m/libc_nano.a(lib_a-writer.o)
 .ARM.attributes
                0x0000000000000b3f       0x2d /usr/lib/gcc/arm-none-eabi/4.8/../../../arm-none-eabi/lib/armv7-m/libc_nano.a(lib_a-wsetup.o)
 .ARM.attributes
                0x0000000000000b6c       0x2d /usr/lib/gcc/arm-none-eabi/4.8/../../../arm-none-eabi/lib/armv7-m/libc_nano.a(lib_a-__atexit.o)
 .ARM.attributes
                0x0000000000000b99       0x2d /usr/lib/gcc/arm-none-eabi/4.8/../../../arm-none-eabi/lib/armv7-m/libc_nano.a(lib_a-__call_atexit.o)
 .ARM.attributes
                0x0000000000000bc6       0x2d /usr/lib/gcc/arm-none-eabi/4.8/../../../arm-none-eabi/lib/armv7-m/libc_nano.a(lib_a-closer.o)
 .ARM.attributes
                0x0000000000000bf3       0x2d /usr/lib/gcc/arm-none-eabi/4.8/../../../arm-none-eabi/lib/armv7-m/libc_nano.a(lib_a-ctype_.o)
 .ARM.attributes
                0x0000000000000c20       0x2d /usr/lib/gcc/arm-none-eabi/4.8/../../../arm-none-eabi/lib/armv7-m/libc_nano.a(lib_a-dtoa.o)
 .ARM.attributes
                0x0000000000000c4d       0x2d /usr/lib/gcc/arm-none-eabi/4.8/../../../arm-none-eabi/lib/armv7-m/libc_nano.a(lib_a-fclose.o)
 .ARM.attributes
                0x0000000000000c7a       0x2d /usr/lib/gcc/arm-none-eabi/4.8/../../../arm-none-eabi/lib/armv7-m/libc_nano.a(lib_a-gdtoa-gethex.o)
 .ARM.attributes
                0x0000000000000ca7       0x2d /usr/lib/gcc/arm-none-eabi/4.8/../../../arm-none-eabi/lib/armv7-m/libc_nano.a(lib_a-gdtoa-hexnan.o)
 .ARM.attributes
                0x0000000000000cd4       0x2d /usr/lib/gcc/arm-none-eabi/4.8/../../../arm-none-eabi/lib/armv7-m/libc_nano.a(lib_a-locale.o)
 .ARM.attributes
                0x0000000000000d01       0x2d /usr/lib/gcc/arm-none-eabi/4.8/../../../arm-none-eabi/lib/armv7-m/libc_nano.a(lib_a-lseekr.o)
 .ARM.attributes
                0x0000000000000d2e       0x2d /usr/lib/gcc/arm-none-eabi/4.8/../../../arm-none-eabi/lib/armv7-m/libc_nano.a(lib_a-makebuf.o)
 .ARM.attributes
                0x0000000000000d5b       0x2d /usr/lib/gcc/arm-none-eabi/4.8/../../../arm-none-eabi/lib/armv7-m/libc_nano.a(lib_a-memchr-stub.o)
 .ARM.attributes
                0x0000000000000d88       0x2d /usr/lib/gcc/arm-none-eabi/4.8/../../../arm-none-eabi/lib/armv7-m/libc_nano.a(lib_a-memmove.o)
 .ARM.attributes
                0x0000000000000db5       0x2d /usr/lib/gcc/arm-none-eabi/4.8/../../../arm-none-eabi/lib/armv7-m/libc_nano.a(lib_a-mprec.o)
 .ARM.attributes
                0x0000000000000de2       0x2d /usr/lib/gcc/arm-none-eabi/4.8/../../../arm-none-eabi/lib/armv7-m/libc_nano.a(lib_a-nano-callocr.o)
 .ARM.attributes
                0x0000000000000e0f       0x2d /usr/lib/gcc/arm-none-eabi/4.8/../../../arm-none-eabi/lib/armv7-m/libc_nano.a(lib_a-nano-reallocr.o)
 .ARM.attributes
                0x0000000000000e3c       0x2d /usr/lib/gcc/arm-none-eabi/4.8/../../../arm-none-eabi/lib/armv7-m/libc_nano.a(lib_a-nano-svfprintf.o)
 .ARM.attributes
                0x0000000000000e69       0x2d /usr/lib/gcc/arm-none-eabi/4.8/../../../arm-none-eabi/lib/armv7-m/libc_nano.a(lib_a-readr.o)
 .ARM.attributes
                0x0000000000000e96       0x2d /usr/lib/gcc/arm-none-eabi/4.8/../../../arm-none-eabi/lib/armv7-m/libc_nano.a(lib_a-fstatr.o)
 .ARM.attributes
                0x0000000000000ec3       0x2d /usr/lib/gcc/arm-none-eabi/4.8/../../../arm-none-eabi/lib/armv7-m/libc_nano.a(lib_a-isattyr.o)
 .ARM.attributes
                0x0000000000000ef0       0x2d /usr/lib/gcc/arm-none-eabi/4.8/../../../arm-none-eabi/lib/armv7-m/libc_nano.a(lib_a-nano-msizer.o)
 .ARM.attributes
                0x0000000000000f1d       0x1d /usr/lib/gcc/arm-none-eabi/4.8/armv7-m/libgcc.a(_arm_addsubdf3.o)
 .ARM.attributes
                0x0000000000000f3a       0x1d /usr/lib/gcc/arm-none-eabi/4.8/armv7-m/libgcc.a(_arm_muldivdf3.o)
 .ARM.attributes
                0x0000000000000f57       0x1d /usr/lib/gcc/arm-none-eabi/4.8/armv7-m/libgcc.a(_arm_cmpdf2.o)
 .ARM.attributes
                0x0000000000000f74       0x1d /usr/lib/gcc/arm-none-eabi/4.8/armv7-m/libgcc.a(_arm_fixdfsi.o)
 .ARM.attributes
                0x0000000000000f91       0x1d /usr/lib/gcc/arm-none-eabi/4.8/armv7-m/libgcc.a(_arm_fixunsdfsi.o)
 .ARM.attributes
                0x0000000000000fae       0x1d /usr/lib/gcc/arm-none-eabi/4.8/armv7-m/libgcc.a(_arm_truncdfsf2.o)
 .ARM.attributes
                0x0000000000000fcb       0x2d /usr/lib/gcc/arm-none-eabi/4.8/../../../arm-none-eabi/lib/armv7-m/libnosys.a(getpid.o)
 .ARM.attributes
                0x0000000000000ff8       0x2d /usr/lib/gcc/arm-none-eabi/4.8/../../../arm-none-eabi/lib/armv7-m/libnosys.a(kill.o)
 .ARM.attributes
                0x0000000000001025       0x2d /usr/lib/gcc/arm-none-eabi/4.8/../../../arm-none-eabi/lib/armv7-m/libnosys.a(_exit.o)
 .ARM.attributes
                0x0000000000001052       0x2d /usr/lib/gcc/arm-none-eabi/4.8/armv7-m/crtend.o
 .ARM.attributes
                0x000000000000107f       0x1d /usr/lib/gcc/arm-none-eabi/4.8/armv7-m/crtn.o

.comment        0x0000000000000000       0xc2
 .comment       0x0000000000000000       0x33 /usr/lib/gcc/arm-none-eabi/4.8/armv7-m/crtbegin.o
                                         0x34 (size before relaxing)
 .comment       0x0000000000000033       0x34 main.o
 .comment       0x0000000000000033       0x70 mbed/TARGET_LPC1768/TOOLCHAIN_GCC_ARM/retarget.o
                                         0x71 (size before relaxing)
 .comment       0x00000000000000a3       0x71 mbed/TARGET_LPC1768/TOOLCHAIN_GCC_ARM/system_LPC17xx.o
 .comment       0x00000000000000a3       0x71 mbed/TARGET_LPC1768/TOOLCHAIN_GCC_ARM/board.o
 .comment       0x00000000000000a3       0x71 mbed/TARGET_LPC1768/TOOLCHAIN_GCC_ARM/cmsis_nvic.o
 .comment       0x00000000000000a3       0x71 ./mbed/TARGET_LPC1768/TOOLCHAIN_GCC_ARM/libmbed.a(serial_api.o)
 .comment       0x00000000000000a3       0x71 ./mbed/TARGET_LPC1768/TOOLCHAIN_GCC_ARM/libmbed.a(BusOut.o)
 .comment       0x00000000000000a3       0x71 ./mbed/TARGET_LPC1768/TOOLCHAIN_GCC_ARM/libmbed.a(assert.o)
 .comment       0x00000000000000a3       0x71 ./mbed/TARGET_LPC1768/TOOLCHAIN_GCC_ARM/libmbed.a(error.o)
 .comment       0x00000000000000a3       0x71 ./mbed/TARGET_LPC1768/TOOLCHAIN_GCC_ARM/libmbed.a(exit.o)
 .comment       0x00000000000000a3       0x71 ./mbed/TARGET_LPC1768/TOOLCHAIN_GCC_ARM/libmbed.a(gpio.o)
 .comment       0x00000000000000a3       0x71 ./mbed/TARGET_LPC1768/TOOLCHAIN_GCC_ARM/libmbed.a(mbed_interface.o)
 .comment       0x00000000000000a3       0x71 ./mbed/TARGET_LPC1768/TOOLCHAIN_GCC_ARM/libmbed.a(pinmap_common.o)
 .comment       0x00000000000000a3       0x71 ./mbed/TARGET_LPC1768/TOOLCHAIN_GCC_ARM/libmbed.a(semihost_api.o)
 .comment       0x00000000000000a3       0x71 ./mbed/TARGET_LPC1768/TOOLCHAIN_GCC_ARM/libmbed.a(wait_api.o)
 .comment       0x00000000000000a3       0x71 ./mbed/TARGET_LPC1768/TOOLCHAIN_GCC_ARM/libmbed.a(gpio_api.o)
 .comment       0x00000000000000a3       0x71 ./mbed/TARGET_LPC1768/TOOLCHAIN_GCC_ARM/libmbed.a(pinmap.o)
 .comment       0x00000000000000a3       0x71 ./mbed/TARGET_LPC1768/TOOLCHAIN_GCC_ARM/libmbed.a(us_ticker.o)
 .comment       0x00000000000000a3       0x71 ./mbed/TARGET_LPC1768/TOOLCHAIN_GCC_ARM/libmbed.a(us_ticker_api.o)
 .comment       0x00000000000000a3       0x1f /usr/lib/gcc/arm-none-eabi/4.8/../../../arm-none-eabi/lib/armv7-m/libstdc++_nano.a(atexit_arm.o)
                                         0x20 (size before relaxing)
 .comment       0x00000000000000c2       0x20 /usr/lib/gcc/arm-none-eabi/4.8/../../../arm-none-eabi/lib/armv7-m/libstdc++_nano.a(del_op.o)
 .comment       0x00000000000000c2       0x20 /usr/lib/gcc/arm-none-eabi/4.8/../../../arm-none-eabi/lib/armv7-m/libstdc++_nano.a(new_op.o)
 .comment       0x00000000000000c2       0x20 /usr/lib/gcc/arm-none-eabi/4.8/../../../arm-none-eabi/lib/armv7-m/libstdc++_nano.a(new_handler.o)
 .comment       0x00000000000000c2       0x20 /usr/lib/gcc/arm-none-eabi/4.8/../../../arm-none-eabi/lib/armv7-m/libc_nano.a(lib_a-abort.o)
 .comment       0x00000000000000c2       0x20 /usr/lib/gcc/arm-none-eabi/4.8/../../../arm-none-eabi/lib/armv7-m/libc_nano.a(lib_a-abs.o)
 .comment       0x00000000000000c2       0x20 /usr/lib/gcc/arm-none-eabi/4.8/../../../arm-none-eabi/lib/armv7-m/libc_nano.a(lib_a-atexit.o)
 .comment       0x00000000000000c2       0x20 /usr/lib/gcc/arm-none-eabi/4.8/../../../arm-none-eabi/lib/armv7-m/libc_nano.a(lib_a-cxa_atexit.o)
 .comment       0x00000000000000c2       0x20 /usr/lib/gcc/arm-none-eabi/4.8/../../../arm-none-eabi/lib/armv7-m/libc_nano.a(lib_a-errno.o)
 .comment       0x00000000000000c2       0x20 /usr/lib/gcc/arm-none-eabi/4.8/../../../arm-none-eabi/lib/armv7-m/libc_nano.a(lib_a-fflush.o)
 .comment       0x00000000000000c2       0x20 /usr/lib/gcc/arm-none-eabi/4.8/../../../arm-none-eabi/lib/armv7-m/libc_nano.a(lib_a-findfp.o)
 .comment       0x00000000000000c2       0x20 /usr/lib/gcc/arm-none-eabi/4.8/../../../arm-none-eabi/lib/armv7-m/libc_nano.a(lib_a-fini.o)
 .comment       0x00000000000000c2       0x20 /usr/lib/gcc/arm-none-eabi/4.8/../../../arm-none-eabi/lib/armv7-m/libc_nano.a(lib_a-fprintf.o)
 .comment       0x00000000000000c2       0x20 /usr/lib/gcc/arm-none-eabi/4.8/../../../arm-none-eabi/lib/armv7-m/libc_nano.a(lib_a-fwalk.o)
 .comment       0x00000000000000c2       0x20 /usr/lib/gcc/arm-none-eabi/4.8/../../../arm-none-eabi/lib/armv7-m/libc_nano.a(lib_a-impure.o)
 .comment       0x00000000000000c2       0x20 /usr/lib/gcc/arm-none-eabi/4.8/../../../arm-none-eabi/lib/armv7-m/libc_nano.a(lib_a-init.o)
 .comment       0x00000000000000c2       0x20 /usr/lib/gcc/arm-none-eabi/4.8/../../../arm-none-eabi/lib/armv7-m/libc_nano.a(lib_a-malloc.o)
 .comment       0x00000000000000c2       0x20 /usr/lib/gcc/arm-none-eabi/4.8/../../../arm-none-eabi/lib/armv7-m/libc_nano.a(lib_a-memcpy-stub.o)
 .comment       0x00000000000000c2       0x20 /usr/lib/gcc/arm-none-eabi/4.8/../../../arm-none-eabi/lib/armv7-m/libc_nano.a(lib_a-memset.o)
 .comment       0x00000000000000c2       0x20 /usr/lib/gcc/arm-none-eabi/4.8/../../../arm-none-eabi/lib/armv7-m/libc_nano.a(lib_a-nano-freer.o)
 .comment       0x00000000000000c2       0x20 /usr/lib/gcc/arm-none-eabi/4.8/../../../arm-none-eabi/lib/armv7-m/libc_nano.a(lib_a-nano-mallocr.o)
 .comment       0x00000000000000c2       0x20 /usr/lib/gcc/arm-none-eabi/4.8/../../../arm-none-eabi/lib/armv7-m/libc_nano.a(lib_a-nano-vfprintf.o)
 .comment       0x00000000000000c2       0x20 /usr/lib/gcc/arm-none-eabi/4.8/../../../arm-none-eabi/lib/armv7-m/libc_nano.a(lib_a-nano-vfprintf_float.o)
 .comment       0x00000000000000c2       0x20 /usr/lib/gcc/arm-none-eabi/4.8/../../../arm-none-eabi/lib/armv7-m/libc_nano.a(lib_a-nano-vfprintf_i.o)
 .comment       0x00000000000000c2       0x20 /usr/lib/gcc/arm-none-eabi/4.8/../../../arm-none-eabi/lib/armv7-m/libc_nano.a(lib_a-nano-vfscanf_float.o)
 .comment       0x00000000000000c2       0x20 /usr/lib/gcc/arm-none-eabi/4.8/../../../arm-none-eabi/lib/armv7-m/libc_nano.a(lib_a-reent.o)
 .comment       0x00000000000000c2       0x20 /usr/lib/gcc/arm-none-eabi/4.8/../../../arm-none-eabi/lib/armv7-m/libc_nano.a(lib_a-s_fpclassify.o)
 .comment       0x00000000000000c2       0x20 /usr/lib/gcc/arm-none-eabi/4.8/../../../arm-none-eabi/lib/armv7-m/libc_nano.a(lib_a-sbrkr.o)
 .comment       0x00000000000000c2       0x20 /usr/lib/gcc/arm-none-eabi/4.8/../../../arm-none-eabi/lib/armv7-m/libc_nano.a(lib_a-sf_nan.o)
 .comment       0x00000000000000c2       0x20 /usr/lib/gcc/arm-none-eabi/4.8/../../../arm-none-eabi/lib/armv7-m/libc_nano.a(lib_a-signal.o)
 .comment       0x00000000000000c2       0x20 /usr/lib/gcc/arm-none-eabi/4.8/../../../arm-none-eabi/lib/armv7-m/libc_nano.a(lib_a-signalr.o)
 .comment       0x00000000000000c2       0x20 /usr/lib/gcc/arm-none-eabi/4.8/../../../arm-none-eabi/lib/armv7-m/libc_nano.a(lib_a-sprintf.o)
 .comment       0x00000000000000c2       0x20 /usr/lib/gcc/arm-none-eabi/4.8/../../../arm-none-eabi/lib/armv7-m/libc_nano.a(lib_a-stdio.o)
 .comment       0x00000000000000c2       0x20 /usr/lib/gcc/arm-none-eabi/4.8/../../../arm-none-eabi/lib/armv7-m/libc_nano.a(lib_a-strlen.o)
 .comment       0x00000000000000c2       0x20 /usr/lib/gcc/arm-none-eabi/4.8/../../../arm-none-eabi/lib/armv7-m/libc_nano.a(lib_a-strncmp.o)
 .comment       0x00000000000000c2       0x20 /usr/lib/gcc/arm-none-eabi/4.8/../../../arm-none-eabi/lib/armv7-m/libc_nano.a(lib_a-strtod.o)
 .comment       0x00000000000000c2       0x20 /usr/lib/gcc/arm-none-eabi/4.8/../../../arm-none-eabi/lib/armv7-m/libc_nano.a(lib_a-strtol.o)
 .comment       0x00000000000000c2       0x20 /usr/lib/gcc/arm-none-eabi/4.8/../../../arm-none-eabi/lib/armv7-m/libc_nano.a(lib_a-wbuf.o)
 .comment       0x00000000000000c2       0x20 /usr/lib/gcc/arm-none-eabi/4.8/../../../arm-none-eabi/lib/armv7-m/libc_nano.a(lib_a-writer.o)
 .comment       0x00000000000000c2       0x20 /usr/lib/gcc/arm-none-eabi/4.8/../../../arm-none-eabi/lib/armv7-m/libc_nano.a(lib_a-wsetup.o)
 .comment       0x00000000000000c2       0x20 /usr/lib/gcc/arm-none-eabi/4.8/../../../arm-none-eabi/lib/armv7-m/libc_nano.a(lib_a-__atexit.o)
 .comment       0x00000000000000c2       0x20 /usr/lib/gcc/arm-none-eabi/4.8/../../../arm-none-eabi/lib/armv7-m/libc_nano.a(lib_a-__call_atexit.o)
 .comment       0x00000000000000c2       0x20 /usr/lib/gcc/arm-none-eabi/4.8/../../../arm-none-eabi/lib/armv7-m/libc_nano.a(lib_a-closer.o)
 .comment       0x00000000000000c2       0x20 /usr/lib/gcc/arm-none-eabi/4.8/../../../arm-none-eabi/lib/armv7-m/libc_nano.a(lib_a-ctype_.o)
 .comment       0x00000000000000c2       0x20 /usr/lib/gcc/arm-none-eabi/4.8/../../../arm-none-eabi/lib/armv7-m/libc_nano.a(lib_a-dtoa.o)
 .comment       0x00000000000000c2       0x20 /usr/lib/gcc/arm-none-eabi/4.8/../../../arm-none-eabi/lib/armv7-m/libc_nano.a(lib_a-fclose.o)
 .comment       0x00000000000000c2       0x20 /usr/lib/gcc/arm-none-eabi/4.8/../../../arm-none-eabi/lib/armv7-m/libc_nano.a(lib_a-gdtoa-gethex.o)
 .comment       0x00000000000000c2       0x20 /usr/lib/gcc/arm-none-eabi/4.8/../../../arm-none-eabi/lib/armv7-m/libc_nano.a(lib_a-gdtoa-hexnan.o)
 .comment       0x00000000000000c2       0x20 /usr/lib/gcc/arm-none-eabi/4.8/../../../arm-none-eabi/lib/armv7-m/libc_nano.a(lib_a-locale.o)
 .comment       0x00000000000000c2       0x20 /usr/lib/gcc/arm-none-eabi/4.8/../../../arm-none-eabi/lib/armv7-m/libc_nano.a(lib_a-lseekr.o)
 .comment       0x00000000000000c2       0x20 /usr/lib/gcc/arm-none-eabi/4.8/../../../arm-none-eabi/lib/armv7-m/libc_nano.a(lib_a-makebuf.o)
 .comment       0x00000000000000c2       0x20 /usr/lib/gcc/arm-none-eabi/4.8/../../../arm-none-eabi/lib/armv7-m/libc_nano.a(lib_a-memchr-stub.o)
 .comment       0x00000000000000c2       0x20 /usr/lib/gcc/arm-none-eabi/4.8/../../../arm-none-eabi/lib/armv7-m/libc_nano.a(lib_a-memmove.o)
 .comment       0x00000000000000c2       0x20 /usr/lib/gcc/arm-none-eabi/4.8/../../../arm-none-eabi/lib/armv7-m/libc_nano.a(lib_a-mprec.o)
 .comment       0x00000000000000c2       0x20 /usr/lib/gcc/arm-none-eabi/4.8/../../../arm-none-eabi/lib/armv7-m/libc_nano.a(lib_a-nano-callocr.o)
 .comment       0x00000000000000c2       0x20 /usr/lib/gcc/arm-none-eabi/4.8/../../../arm-none-eabi/lib/armv7-m/libc_nano.a(lib_a-nano-reallocr.o)
 .comment       0x00000000000000c2       0x20 /usr/lib/gcc/arm-none-eabi/4.8/../../../arm-none-eabi/lib/armv7-m/libc_nano.a(lib_a-nano-svfprintf.o)
 .comment       0x00000000000000c2       0x20 /usr/lib/gcc/arm-none-eabi/4.8/../../../arm-none-eabi/lib/armv7-m/libc_nano.a(lib_a-readr.o)
 .comment       0x00000000000000c2       0x20 /usr/lib/gcc/arm-none-eabi/4.8/../../../arm-none-eabi/lib/armv7-m/libc_nano.a(lib_a-fstatr.o)
 .comment       0x00000000000000c2       0x20 /usr/lib/gcc/arm-none-eabi/4.8/../../../arm-none-eabi/lib/armv7-m/libc_nano.a(lib_a-isattyr.o)
 .comment       0x00000000000000c2       0x20 /usr/lib/gcc/arm-none-eabi/4.8/../../../arm-none-eabi/lib/armv7-m/libc_nano.a(lib_a-nano-msizer.o)
 .comment       0x00000000000000c2       0x20 /usr/lib/gcc/arm-none-eabi/4.8/../../../arm-none-eabi/lib/armv7-m/libnosys.a(getpid.o)
 .comment       0x00000000000000c2       0x20 /usr/lib/gcc/arm-none-eabi/4.8/../../../arm-none-eabi/lib/armv7-m/libnosys.a(kill.o)
 .comment       0x00000000000000c2       0x20 /usr/lib/gcc/arm-none-eabi/4.8/../../../arm-none-eabi/lib/armv7-m/libnosys.a(_exit.o)
 .comment       0x00000000000000c2       0x34 /usr/lib/gcc/arm-none-eabi/4.8/armv7-m/crtend.o

.debug_line     0x0000000000000000     0x724e
 .debug_line    0x0000000000000000       0x7b /usr/lib/gcc/arm-none-eabi/4.8/../../../arm-none-eabi/lib/armv7-m/crt0.o
 .debug_line    0x000000000000007b      0x353 main.o
 .debug_line    0x00000000000003ce       0xcf /usr/lib/gcc/arm-none-eabi/4.8/../../../arm-none-eabi/lib/armv7-m/libstdc++_nano.a(atexit_arm.o)
 .debug_line    0x000000000000049d      0x121 /usr/lib/gcc/arm-none-eabi/4.8/../../../arm-none-eabi/lib/armv7-m/libstdc++_nano.a(del_op.o)
 .debug_line    0x00000000000005be      0x19f /usr/lib/gcc/arm-none-eabi/4.8/../../../arm-none-eabi/lib/armv7-m/libstdc++_nano.a(new_op.o)
 .debug_line    0x000000000000075d       0x83 /usr/lib/gcc/arm-none-eabi/4.8/../../../arm-none-eabi/lib/armv7-m/libstdc++_nano.a(new_handler.o)
 .debug_line    0x00000000000007e0      0x10c /usr/lib/gcc/arm-none-eabi/4.8/../../../arm-none-eabi/lib/armv7-m/libc_nano.a(lib_a-abort.o)
 .debug_line    0x00000000000008ec       0xaa /usr/lib/gcc/arm-none-eabi/4.8/../../../arm-none-eabi/lib/armv7-m/libc_nano.a(lib_a-abs.o)
 .debug_line    0x0000000000000996       0xba /usr/lib/gcc/arm-none-eabi/4.8/../../../arm-none-eabi/lib/armv7-m/libc_nano.a(lib_a-atexit.o)
 .debug_line    0x0000000000000a50       0x75 /usr/lib/gcc/arm-none-eabi/4.8/../../../arm-none-eabi/lib/armv7-m/libc_nano.a(lib_a-cxa_atexit.o)
 .debug_line    0x0000000000000ac5      0x102 /usr/lib/gcc/arm-none-eabi/4.8/../../../arm-none-eabi/lib/armv7-m/libc_nano.a(lib_a-errno.o)
 .debug_line    0x0000000000000bc7      0x234 /usr/lib/gcc/arm-none-eabi/4.8/../../../arm-none-eabi/lib/armv7-m/libc_nano.a(lib_a-fflush.o)
 .debug_line    0x0000000000000dfb      0x2b0 /usr/lib/gcc/arm-none-eabi/4.8/../../../arm-none-eabi/lib/armv7-m/libc_nano.a(lib_a-findfp.o)
 .debug_line    0x00000000000010ab       0x99 /usr/lib/gcc/arm-none-eabi/4.8/../../../arm-none-eabi/lib/armv7-m/libc_nano.a(lib_a-fini.o)
 .debug_line    0x0000000000001144      0x17a /usr/lib/gcc/arm-none-eabi/4.8/../../../arm-none-eabi/lib/armv7-m/libc_nano.a(lib_a-fprintf.o)
 .debug_line    0x00000000000012be      0x197 /usr/lib/gcc/arm-none-eabi/4.8/../../../arm-none-eabi/lib/armv7-m/libc_nano.a(lib_a-fwalk.o)
 .debug_line    0x0000000000001455       0xe8 /usr/lib/gcc/arm-none-eabi/4.8/../../../arm-none-eabi/lib/armv7-m/libc_nano.a(lib_a-impure.o)
 .debug_line    0x000000000000153d       0xb2 /usr/lib/gcc/arm-none-eabi/4.8/../../../arm-none-eabi/lib/armv7-m/libc_nano.a(lib_a-init.o)
 .debug_line    0x00000000000015ef      0x15e /usr/lib/gcc/arm-none-eabi/4.8/../../../arm-none-eabi/lib/armv7-m/libc_nano.a(lib_a-malloc.o)
 .debug_line    0x000000000000174d      0x100 /usr/lib/gcc/arm-none-eabi/4.8/../../../arm-none-eabi/lib/armv7-m/libc_nano.a(lib_a-memcpy-stub.o)
 .debug_line    0x000000000000184d       0xe9 /usr/lib/gcc/arm-none-eabi/4.8/../../../arm-none-eabi/lib/armv7-m/libc_nano.a(lib_a-memset.o)
 .debug_line    0x0000000000001936      0x140 /usr/lib/gcc/arm-none-eabi/4.8/../../../arm-none-eabi/lib/armv7-m/libc_nano.a(lib_a-nano-freer.o)
 .debug_line    0x0000000000001a76      0x18b /usr/lib/gcc/arm-none-eabi/4.8/../../../arm-none-eabi/lib/armv7-m/libc_nano.a(lib_a-nano-mallocr.o)
 .debug_line    0x0000000000001c01      0x2bc /usr/lib/gcc/arm-none-eabi/4.8/../../../arm-none-eabi/lib/armv7-m/libc_nano.a(lib_a-nano-vfprintf.o)
 .debug_line    0x0000000000001ebd      0x3e9 /usr/lib/gcc/arm-none-eabi/4.8/../../../arm-none-eabi/lib/armv7-m/libc_nano.a(lib_a-nano-vfprintf_float.o)
 .debug_line    0x00000000000022a6      0x2ce /usr/lib/gcc/arm-none-eabi/4.8/../../../arm-none-eabi/lib/armv7-m/libc_nano.a(lib_a-nano-vfprintf_i.o)
 .debug_line    0x0000000000002574      0x286 /usr/lib/gcc/arm-none-eabi/4.8/../../../arm-none-eabi/lib/armv7-m/libc_nano.a(lib_a-nano-vfscanf_float.o)
 .debug_line    0x00000000000027fa      0x190 /usr/lib/gcc/arm-none-eabi/4.8/../../../arm-none-eabi/lib/armv7-m/libc_nano.a(lib_a-reent.o)
 .debug_line    0x000000000000298a      0x12a /usr/lib/gcc/arm-none-eabi/4.8/../../../arm-none-eabi/lib/armv7-m/libc_nano.a(lib_a-s_fpclassify.o)
 .debug_line    0x0000000000002ab4      0x152 /usr/lib/gcc/arm-none-eabi/4.8/../../../arm-none-eabi/lib/armv7-m/libc_nano.a(lib_a-sbrkr.o)
 .debug_line    0x0000000000002c06       0xab /usr/lib/gcc/arm-none-eabi/4.8/../../../arm-none-eabi/lib/armv7-m/libc_nano.a(lib_a-sf_nan.o)
 .debug_line    0x0000000000002cb1      0x23c /usr/lib/gcc/arm-none-eabi/4.8/../../../arm-none-eabi/lib/armv7-m/libc_nano.a(lib_a-signal.o)
 .debug_line    0x0000000000002eed      0x165 /usr/lib/gcc/arm-none-eabi/4.8/../../../arm-none-eabi/lib/armv7-m/libc_nano.a(lib_a-signalr.o)
 .debug_line    0x0000000000003052      0x1a2 /usr/lib/gcc/arm-none-eabi/4.8/../../../arm-none-eabi/lib/armv7-m/libc_nano.a(lib_a-sprintf.o)
 .debug_line    0x00000000000031f4      0x1c2 /usr/lib/gcc/arm-none-eabi/4.8/../../../arm-none-eabi/lib/armv7-m/libc_nano.a(lib_a-stdio.o)
 .debug_line    0x00000000000033b6       0x75 /usr/lib/gcc/arm-none-eabi/4.8/../../../arm-none-eabi/lib/armv7-m/libc_nano.a(lib_a-strcmp.o)
 .debug_line    0x000000000000342b       0xec /usr/lib/gcc/arm-none-eabi/4.8/../../../arm-none-eabi/lib/armv7-m/libc_nano.a(lib_a-strlen.o)
 .debug_line    0x0000000000003517       0xf4 /usr/lib/gcc/arm-none-eabi/4.8/../../../arm-none-eabi/lib/armv7-m/libc_nano.a(lib_a-strncmp.o)
 .debug_line    0x000000000000360b      0x581 /usr/lib/gcc/arm-none-eabi/4.8/../../../arm-none-eabi/lib/armv7-m/libc_nano.a(lib_a-strtod.o)
 .debug_line    0x0000000000003b8c      0x1cb /usr/lib/gcc/arm-none-eabi/4.8/../../../arm-none-eabi/lib/armv7-m/libc_nano.a(lib_a-strtol.o)
 .debug_line    0x0000000000003d57      0x1b4 /usr/lib/gcc/arm-none-eabi/4.8/../../../arm-none-eabi/lib/armv7-m/libc_nano.a(lib_a-wbuf.o)
 .debug_line    0x0000000000003f0b      0x152 /usr/lib/gcc/arm-none-eabi/4.8/../../../arm-none-eabi/lib/armv7-m/libc_nano.a(lib_a-writer.o)
 .debug_line    0x000000000000405d      0x1ad /usr/lib/gcc/arm-none-eabi/4.8/../../../arm-none-eabi/lib/armv7-m/libc_nano.a(lib_a-wsetup.o)
 .debug_line    0x000000000000420a      0x16d /usr/lib/gcc/arm-none-eabi/4.8/../../../arm-none-eabi/lib/armv7-m/libc_nano.a(lib_a-__atexit.o)
 .debug_line    0x0000000000004377      0x15f /usr/lib/gcc/arm-none-eabi/4.8/../../../arm-none-eabi/lib/armv7-m/libc_nano.a(lib_a-__call_atexit.o)
 .debug_line    0x00000000000044d6      0x153 /usr/lib/gcc/arm-none-eabi/4.8/../../../arm-none-eabi/lib/armv7-m/libc_nano.a(lib_a-closer.o)
 .debug_line    0x0000000000004629       0x6b /usr/lib/gcc/arm-none-eabi/4.8/../../../arm-none-eabi/lib/armv7-m/libc_nano.a(lib_a-ctype_.o)
 .debug_line    0x0000000000004694      0x59d /usr/lib/gcc/arm-none-eabi/4.8/../../../arm-none-eabi/lib/armv7-m/libc_nano.a(lib_a-dtoa.o)
 .debug_line    0x0000000000004c31      0x1c0 /usr/lib/gcc/arm-none-eabi/4.8/../../../arm-none-eabi/lib/armv7-m/libc_nano.a(lib_a-fclose.o)
 .debug_line    0x0000000000004df1      0x34a /usr/lib/gcc/arm-none-eabi/4.8/../../../arm-none-eabi/lib/armv7-m/libc_nano.a(lib_a-gdtoa-gethex.o)
 .debug_line    0x000000000000513b      0x16c /usr/lib/gcc/arm-none-eabi/4.8/../../../arm-none-eabi/lib/armv7-m/libc_nano.a(lib_a-gdtoa-hexnan.o)
 .debug_line    0x00000000000052a7      0x1ec /usr/lib/gcc/arm-none-eabi/4.8/../../../arm-none-eabi/lib/armv7-m/libc_nano.a(lib_a-locale.o)
 .debug_line    0x0000000000005493      0x152 /usr/lib/gcc/arm-none-eabi/4.8/../../../arm-none-eabi/lib/armv7-m/libc_nano.a(lib_a-lseekr.o)
 .debug_line    0x00000000000055e5      0x1a7 /usr/lib/gcc/arm-none-eabi/4.8/../../../arm-none-eabi/lib/armv7-m/libc_nano.a(lib_a-makebuf.o)
 .debug_line    0x000000000000578c      0x100 /usr/lib/gcc/arm-none-eabi/4.8/../../../arm-none-eabi/lib/armv7-m/libc_nano.a(lib_a-memchr-stub.o)
 .debug_line    0x000000000000588c      0x100 /usr/lib/gcc/arm-none-eabi/4.8/../../../arm-none-eabi/lib/armv7-m/libc_nano.a(lib_a-memmove.o)
 .debug_line    0x000000000000598c      0x667 /usr/lib/gcc/arm-none-eabi/4.8/../../../arm-none-eabi/lib/armv7-m/libc_nano.a(lib_a-mprec.o)
 .debug_line    0x0000000000005ff3      0x158 /usr/lib/gcc/arm-none-eabi/4.8/../../../arm-none-eabi/lib/armv7-m/libc_nano.a(lib_a-nano-callocr.o)
 .debug_line    0x000000000000614b      0x16e /usr/lib/gcc/arm-none-eabi/4.8/../../../arm-none-eabi/lib/armv7-m/libc_nano.a(lib_a-nano-reallocr.o)
 .debug_line    0x00000000000062b9      0x2d4 /usr/lib/gcc/arm-none-eabi/4.8/../../../arm-none-eabi/lib/armv7-m/libc_nano.a(lib_a-nano-svfprintf.o)
 .debug_line    0x000000000000658d      0x151 /usr/lib/gcc/arm-none-eabi/4.8/../../../arm-none-eabi/lib/armv7-m/libc_nano.a(lib_a-readr.o)
 .debug_line    0x00000000000066de      0x168 /usr/lib/gcc/arm-none-eabi/4.8/../../../arm-none-eabi/lib/armv7-m/libc_nano.a(lib_a-fstatr.o)
 .debug_line    0x0000000000006846      0x154 /usr/lib/gcc/arm-none-eabi/4.8/../../../arm-none-eabi/lib/armv7-m/libc_nano.a(lib_a-isattyr.o)
 .debug_line    0x000000000000699a      0x105 /usr/lib/gcc/arm-none-eabi/4.8/../../../arm-none-eabi/lib/armv7-m/libc_nano.a(lib_a-nano-msizer.o)
 .debug_line    0x0000000000006a9f      0x1fc /usr/lib/gcc/arm-none-eabi/4.8/armv7-m/libgcc.a(_arm_addsubdf3.o)
 .debug_line    0x0000000000006c9b      0x21d /usr/lib/gcc/arm-none-eabi/4.8/armv7-m/libgcc.a(_arm_muldivdf3.o)
 .debug_line    0x0000000000006eb8      0x103 /usr/lib/gcc/arm-none-eabi/4.8/armv7-m/libgcc.a(_arm_cmpdf2.o)
 .debug_line    0x0000000000006fbb       0x7d /usr/lib/gcc/arm-none-eabi/4.8/armv7-m/libgcc.a(_arm_fixdfsi.o)
 .debug_line    0x0000000000007038       0x79 /usr/lib/gcc/arm-none-eabi/4.8/armv7-m/libgcc.a(_arm_fixunsdfsi.o)
 .debug_line    0x00000000000070b1       0x91 /usr/lib/gcc/arm-none-eabi/4.8/armv7-m/libgcc.a(_arm_truncdfsf2.o)
 .debug_line    0x0000000000007142       0x5b /usr/lib/gcc/arm-none-eabi/4.8/../../../arm-none-eabi/lib/armv7-m/libnosys.a(getpid.o)
 .debug_line    0x000000000000719d       0x59 /usr/lib/gcc/arm-none-eabi/4.8/../../../arm-none-eabi/lib/armv7-m/libnosys.a(kill.o)